logic.c:35:10:getWisafeMainLoopCount	0	static
logic.c:48:20:getWisafeLearnInStatus	0	static
logic.c:61:6:resetWisafeLearnInStatus	0	static
logic.c:74:6:Init_RM	8	static
logic.c:147:6:SIDMapUpdate	24	static
logic.c:228:6:SetNbrBit	16	static
logic.c:292:6:NextRandom	8	static
logic.c:356:6:StartRumor	16	static
logic.c:374:6:StartReasonRumor	8	static
logic.c:499:6:AckRumorForUs	16	static
logic.c:537:6:PropagationAccepted	24	static
logic.c:582:6:ProcessConfirmation	16	static
logic.c:627:6:GenerateConfirmation	8	static
logic.c:665:6:ClearMapsAndRumors	8	static
logic.c:693:6:RM_MainLoop	40	static
logic.c:1259:6:ResetEEPROM	16	static
logic.c:1285:6:ResetEEPROM_MFCT	8	static
logic.c:1302:6:SetEEPROM_MFCT	8	static
logic.c:1319:6:TestEEPROM_MFCT	0	static
logic.c:1337:6:SaveMeshInfo	24	static
logic.c:1384:6:RestoreMeshInfo	24	static
logic.c:1449:6:MeshMagicIsReserved	0	static
logic.c:1464:6:SaveFreqFrac	16	static
