messages.c:39:6:Init_Messages	0	static
messages.c:55:6:UpdateSID	8	static
messages.c:69:6:UpdateKeys	16	static
messages.c:89:6:UpdateID	16	static
messages.c:109:9:ReverseByte	16	static
messages.c:147:10:GetCRC	0	static
messages.c:161:6:CRCInit	0	static
messages.c:186:6:CRCByte	16	static
messages.c:221:6:BuildOkMsg	24	static
messages.c:256:6:BuildRumorAckMsg	24	static
messages.c:298:6:BuildJoinRequestMsg	24	static
messages.c:348:6:BuildChirpResponseMessage	8	static
messages.c:366:6:BuildStatusReplyMsg	8	static
messages.c:382:6:BuildStatusRequestMsg	16	static
messages.c:416:6:BuildMapReplyMsg	8	static
messages.c:432:6:BuildMapRequestMsg	16	static
messages.c:449:6:BuildSDRumorMsg	8	static
messages.c:465:6:BuildPropagateMsg	16	static
messages.c:482:6:BuildJoinedMsg	8	static
messages.c:498:6:BuildSIDMapUpdateMsg	8	static
messages.c:514:6:BuildRumorConfirmationMsg	16	static
messages.c:531:6:BuildRumorMessage	24	static
messages.c:669:6:CopyMsgToRumor	8	static
messages.c:692:6:CopyRumorToMsg	8	static
messages.c:715:6:ClearMap	16	static
messages.c:736:6:CopyMap	24	static
messages.c:757:6:CopyMemory	16	static
messages.c:775:6:SetBit	8	static
messages.c:791:6:ClearBit	8	static
messages.c:807:6:TestBit	8	static
messages.c:822:9:CountBits	16	static
messages.c:850:9:SeqField	8	static
messages.c:874:6:PatchMsgWithOldNews	8	static
