core_cm7.h:1902:22:__NVIC_EnableIRQ	8	static
core_cm7.h:2030:22:__NVIC_SetPriority	8	static
fsl_gpio.h:251:20:GPIO_PortEnableInterrupts	8	static
fsl_lpspi.h:581:20:LPSPI_ClearStatusFlags	8	static
fsl_lpspi.h:749:20:LPSPI_FlushFifo	8	static
radio.c:140:6:Init_Keys	8	static
radio.c:164:9:GetSID	0	static
radio.c:178:10:GetKeys	0	static
radio.c:192:6:Init_Radio	16	static
radio.c:320:6:Sleep_Radio	8	static
radio.c:341:6:Write_RadioCommand	24	static
radio.c:402:6:ReadRxBuffer	24	static
radio.c:454:6:Read_RadioInterruptStatus	8	static
radio.c:474:6:Set_RadioInterruptStatus	0	static
radio.c:491:6:Set_SyncDetected	0	static
radio.c:509:6:Get_RadioResponse	24	static
radio.c:594:6:SetRadioProperty	16	static
radio.c:633:6:Get_RadioCTS	0	static
radio.c:687:6:JoinNetwork	24	static
radio.c:740:6:ReceiveInviteMessage	24	static
radio.c:815:6:SendJoinRequestMessage	24	static
radio.c:858:6:ReceiveJoinAckMessage	24	static
radio.c:974:6:SendOkMessage	24	static
radio.c:1017:9:RceiveOkMessage	32	static
radio.c:1072:6:ReceiveRumourAckMessage	32	static
radio.c:1155:6:ReceivePropagateAckMessage	32	static
radio.c:1238:6:Chirp	24	static
radio.c:1293:6:ChirpToReceive	32	static
radio.c:1638:6:ListenToTransmitPacket	48	static
radio.c:1972:6:ChangeState	16	static
radio.c:2008:6:StartRadioRx	16	static
radio.c:2060:6:StartRadioTx	16	static
radio.c:2099:6:UploadMessage	16	static
radio.c:2137:6:DownloadMessage	16	static
radio.c:2177:6:ResetFIFO	16	static
radio.c:2277:6:RadioContinuousTransmit	16	static
