SDcomms.c:139:13:ProcessIncomingMsg	8	static
SDcomms.c:250:13:SaveIncomingByte	8	static
SDcomms.c:274:13:ProcessIncomingByte	8	static
SDcomms.c:310:13:SendOutgoingRawByte	24	static
SDcomms.c:341:13:SendOutgoingMsgByte	16	static
SDcomms.c:370:13:SendOutgoingMsgEnd	8	static
SDcomms.c:384:6:SendOutgoingMsgBlock	16	static
SDcomms.c:401:6:SendOutgoingMsg	8	static
SDcomms.c:416:6:SendStatusRequestMsg	8	static
SDcomms.c:432:6:SendAckMsg	8	static
SDcomms.c:447:6:SendNackMsg	8	static
SDcomms.c:462:6:SendDiagResultMsg	8	static
SDcomms.c:490:6:SendRMIdResponseMsg	8	static
SDcomms.c:511:6:SendRMExtendedResponseMsg	8	static
SDcomms.c:607:6:SendRMProdTstResponseMsg	8	static
SDcomms.c:680:6:ProcessIncomingMsgRaw	24	static
SDcomms.c:701:13:ProcessIncomingByteRaw	16	static
