core_cm7.h:1902:22:__NVIC_EnableIRQ	8	static
fsl_clock.h:969:20:CLOCK_SetMux	24	static
fsl_clock.h:1006:20:CLOCK_SetDiv	24	static
fsl_common.h:460:28:EnableIRQ	16	static
fsl_gpt.h:217:20:GPT_SetClockDivider	16	static
fsl_gpt.h:270:20:GPT_StartTimer	8	static
fsl_gpt.h:394:20:GPT_SetOutputCompareValue	24	static
fsl_gpt.h:442:20:GPT_EnableInterrupts	8	static
fsl_gpt.h:496:20:GPT_ClearStatusFlags	8	static
timer.c:49:6:GPT2_IRQHandler	8	static
timer.c:76:6:Init_Timer	32	static
timer.c:123:19:GetCurrentTimerCount	0	static
timer.c:137:6:Delay	16	static
