fsl_clock.h:969:20:CLOCK_SetMux	24	static
fsl_clock.h:1006:20:CLOCK_SetDiv	24	static
fsl_clock.h:1042:20:CLOCK_ControlGate	32	static
fsl_clock.h:1059:20:CLOCK_EnableClock	16	static
fsl_gpio.h:251:20:GPIO_PortEnableInterrupts	8	static
fsl_gpio.h:316:20:GPIO_PortClearInterruptFlags	8	static
fsl_lpspi.h:581:20:LPSPI_ClearStatusFlags	8	static
fsl_lpspi.h:623:20:LPSPI_DisableInterrupts	8	static
fsl_lpspi.h:726:20:LPSPI_SetMasterSlaveMode	8	static
fsl_lpspi.h:749:20:LPSPI_FlushFifo	8	static
wisafe_main.c:180:6:GPIO1_Combined_16_31_IRQHandler	8	static
wisafe_main.c:195:6:GPIO3_Combined_16_31_IRQHandler	16	static
wisafe_main.c:239:6:Wisafe_Main	40	static
wisafe_main.c:333:6:writeWGqueue	24	static
wisafe_main.c:358:13:RM_MainLoopHandler_task	32	static
wisafe_main.c:386:6:checkWGtoRMqueue	24	static
wisafe_main.c:405:6:vTimerRM_ReceiveCallback	16	static
wisafe_main.c:537:6:LPSPI_MasterInit_New	32	static
wisafe_main.c:607:6:Init_LPSPI	40	static
wisafe_main.c:646:6:wait_syncMatch	16	static
