STO_FileSystem.c:85:16:updateFile	32	static
STO_FileSystem.c:106:16:getEmptySlot	8	static
STO_FileSystem.c:122:17:getFileAddr	120	static
STO_FileSystem.c:149:17:findEmptyBlock	112	static
STO_FileSystem.c:181:6:STO_Driver_Init	16	static
STO_FileSystem.c:205:10:STO_Open	72	static
STO_FileSystem.c:291:9:STO_Write	48	static
STO_FileSystem.c:348:9:STO_Read	136	static
STO_FileSystem.c:389:9:STO_Close	24	static
STO_FileSystem.c:414:9:STO_Rename	72	static
STO_FileSystem.c:479:9:STO_Remove	48	static
STO_FileSystem.c:520:9:STO_FileSize	136	static
STO_FileSystem.c:561:6:STO_FileExist	24	static
STO_FileSystem.c:586:6:STO_FormatDevice	24	static
STO_FileSystem.c:610:6:STO_List	136	static
