aws_shadow.c:229:13:prvUpdatedCallbackWrapper	32	static
aws_shadow.c:186:13:prvDeltaCallbackWrapper	32	static
aws_shadow.c:272:20:SHADOW_ClientCreate	24	static
aws_shadow.c:387:20:SHADOW_ClientConnect	8	static
aws_shadow.c:408:20:SHADOW_ClientDisconnect	8	static
aws_shadow.c:421:20:SHADOW_ClientDelete	8	static
aws_shadow.c:456:20:SHADOW_Update	56	static
aws_shadow.c:488:20:SHADOW_Get	72	static
aws_shadow.c:537:20:SHADOW_Delete	40	static
aws_shadow.c:562:20:SHADOW_RegisterCallbacks	40	static
aws_shadow.c:637:20:SHADOW_ReturnMQTTBuffer	8	static
