aws_iot_shadow_subscription.c:132:28:_modifyOperationSubscriptions	88	static
aws_iot_shadow_subscription.c:196:25:_AwsIotShadow_FindSubscription	40	static
aws_iot_shadow_subscription.c:257:6:_AwsIotShadow_RemoveSubscription	40	static
aws_iot_shadow_subscription.c:328:6:_AwsIotShadow_DestroySubscription	8	static
aws_iot_shadow_subscription.c:342:21:_AwsIotShadow_IncrementReferences	72	static
aws_iot_shadow_subscription.c:461:6:_AwsIotShadow_DecrementReferences	56	static
aws_iot_shadow_subscription.c:552:21:AwsIotShadow_RemovePersistentSubscriptions	64	static
