iot_mqtt_api.c:193:13:_mqttOperation_tryDestroy	8	static
iot_mqtt_api.c:148:13:_mqttSubscription_setUnsubscribe	0	static
iot_mqtt_api.c:170:13:_mqttSubscription_tryDestroy	0	static
iot_mqtt_api.c:470:13:_destroyMqttConnection	40	static
iot_mqtt_api.c:759:6:_IotMqtt_IncrementConnectionReferences	40	static
iot_mqtt_api.c:793:6:_IotMqtt_DecrementConnectionReferences	32	static
iot_mqtt_api.c:836:16:IotMqtt_Init	16	static
iot_mqtt_api.c:870:6:IotMqtt_Cleanup	16	static
iot_mqtt_api.c:1387:16:IotMqtt_Subscribe	48	static
iot_mqtt_api.c:1443:16:IotMqtt_Unsubscribe	48	static
iot_mqtt_api.c:1499:16:IotMqtt_Publish	40	static
iot_mqtt_api.c:1805:16:IotMqtt_Wait	48	static
iot_mqtt_api.c:885:16:IotMqtt_Connect	72	static
iot_mqtt_api.c:1237:6:IotMqtt_Disconnect	48	static
iot_mqtt_api.c:1405:16:IotMqtt_TimedSubscribe	56	static
iot_mqtt_api.c:1461:16:IotMqtt_TimedUnsubscribe	48	static
iot_mqtt_api.c:1753:16:IotMqtt_TimedPublish	48	static
iot_mqtt_api.c:1911:14:IotMqtt_strerror	0	static
iot_mqtt_api.c:1971:14:IotMqtt_OperationType	0	static
