fsl_clock.h:969:20:CLOCK_SetMux	24	static
fsl_clock.h:1006:20:CLOCK_SetDiv	24	static
fsl_gpio.h:174:24:GPIO_PinRead	16	static
fsl_gpt.h:217:20:GPT_SetClockDivider	16	static
fsl_gpt.h:270:20:GPT_StartTimer	8	static
fsl_gpt.h:296:24:GPT_GetCurrentTimerCount	8	static
main.c:246:6:getSystemRunStatus	0	static
main.c:251:6:gatewayTypeWG2C	0	static
main.c:256:6:InitStatsTimer	24	static
main.c:274:10:StatsTimerValue	8	static
main.c:279:6:vApplicationStackOverflowHook	32	static
main.c:291:13:dump_initial_certificates_if_not_exist	80	static
main.c:393:13:BOARD_InitModuleClock	16	static
main.c:408:13:delay	16	static
main.c:419:13:setup_board	56	static
main.c:471:6:setup_system_time	32	static
main.c:541:7:dump_net_config	80	static
main.c:584:13:usb_link_status_callback	40	static
main.c:608:13:link_status_callback	40	static
main.c:632:6:network_link_status	0	static
main.c:644:8:EndofLineTest	176	static
main.c:759:10:Gateway_Status	112	static
main.c:828:13:setup_lan_and_time	304	static
main.c:962:6:EnsoAgentLED	48	static
main.c:1013:5:main	72	static
main.c:1101:6:LogOutputTask	32	static
main.c:1136:6:initLoggingProcess	16	static
