ecp_alt.c:441:31:mbedtls_ecp_curve_list	0	static
ecp_alt.c:449:29:mbedtls_ecp_grp_id_list	16	static
ecp_alt.c:475:31:mbedtls_ecp_curve_info_from_grp_id	24	static
ecp_alt.c:493:31:mbedtls_ecp_curve_info_from_tls_id	24	static
ecp_alt.c:511:31:mbedtls_ecp_curve_info_from_name	24	static
ecp_alt.c:532:30:ecp_get_type	8	static
ecp_alt.c:546:6:mbedtls_ecp_point_init	16	static
ecp_alt.c:558:6:mbedtls_ecp_group_init	16	static
ecp_alt.c:582:6:mbedtls_ecp_keypair_init	16	static
ecp_alt.c:594:6:mbedtls_ecp_point_free	16	static
ecp_alt.c:607:6:mbedtls_ecp_group_free	24	static
ecp_alt.c:636:6:mbedtls_ecp_keypair_free_o	16	static
ecp_alt.c:662:6:mbedtls_ecp_keypair_free	16	static
ecp_alt.c:671:5:mbedtls_ecp_copy	24	static
ecp_alt.c:688:5:mbedtls_ecp_group_copy	16	static
ecp_alt.c:699:5:mbedtls_ecp_set_zero	24	static
ecp_alt.c:715:5:mbedtls_ecp_is_zero	16	static
ecp_alt.c:725:5:mbedtls_ecp_point_cmp	16	static
ecp_alt.c:744:5:mbedtls_ecp_point_read_string	32	static
ecp_alt.c:763:5:mbedtls_ecp_point_write_binary	32	static
ecp_alt.c:822:5:mbedtls_ecp_point_read_binary	32	static
ecp_alt.c:865:5:mbedtls_ecp_tls_read_point	32	static
ecp_alt.c:901:5:mbedtls_ecp_tls_write_point	40	static
ecp_alt.c:935:5:mbedtls_ecp_tls_read_group_o	32	static
ecp_alt.c:964:5:mbedtls_ecp_tls_read_group	32	static
ecp_alt.c:975:5:mbedtls_ecp_tls_read_group_id	32	static
ecp_alt.c:1014:5:mbedtls_ecp_tls_write_group	32	static
ecp_alt.c:1052:12:ecp_modp	24	static
ecp_alt.c:1137:12:ecp_normalize_jac	48	static
ecp_alt.c:1190:12:ecp_normalize_jac_many	72	static
ecp_alt.c:1281:12:ecp_safe_invert_jac	48	static
ecp_alt.c:1318:12:ecp_double_jac	80	static
ecp_alt.c:1416:12:ecp_add_mixed	112	static
ecp_alt.c:1505:12:ecp_randomize_jac	64	static
ecp_alt.c:1613:13:ecp_comb_recode_core	40	static
ecp_alt.c:1679:12:ecp_precompute_comb	48	static
ecp_alt.c:1818:12:ecp_select_comb	32	static
ecp_alt.c:1850:12:ecp_mul_comb_core	80	static
ecp_alt.c:1932:12:ecp_comb_recode_scalar	56	static
ecp_alt.c:1974:12:ecp_mul_comb_after_precomp	256	static
ecp_alt.c:2027:22:ecp_pick_window_size	16	static
ecp_alt.c:2072:12:ecp_mul_comb	72	static
ecp_alt.c:2409:5:mbedtls_ecp_mul_restartable	48	static
ecp_alt.c:2475:5:mbedtls_ecp_mul	40	static
ecp_alt.c:2491:12:ecp_check_pubkey_sw	48	static
ecp_alt.c:2541:12:mbedtls_ecp_mul_shortcuts	48	static
ecp_alt.c:2574:5:ecp_add	32	static
ecp_alt.c:2596:5:mbedtls_ecp_muladd_restartable	80	static
ecp_alt.c:2697:5:mbedtls_ecp_muladd	40	static
ecp_alt.c:2730:5:mbedtls_ecp_check_pubkey	16	static
ecp_alt.c:2754:5:mbedtls_ecp_check_privkey	16	static
ecp_alt.c:2795:5:mbedtls_ecp_gen_privkey	40	static
ecp_alt.c:2880:5:mbedtls_ecp_gen_keypair_base	40	static
ecp_alt.c:2903:5:mbedtls_ecp_gen_keypair	32	static
ecp_alt.c:2919:5:mbedtls_ecp_gen_key	40	static
ecp_alt.c:2935:5:mbedtls_ecp_check_pub_priv	192	static
ecp_alt.c:2981:5:mbedtls_ecp_self_test	288	static
