ksdk_mbedtls.c:74:13:crypto_attach_ctx_to_key_slot	16	static
ksdk_mbedtls.c:79:13:crypto_detach_ctx_from_key_slot	24	static
ksdk_mbedtls.c:91:13:crypto_key_is_loaded	24	static
ksdk_mbedtls.c:108:13:mbedtls_zeroize	24	static
ksdk_mbedtls.c:125:6:CRYPTO_InitHardware	104	static
ksdk_mbedtls.c:590:5:mbedtls_aes_setkey_enc	32	static
ksdk_mbedtls.c:659:5:mbedtls_aes_setkey_dec	32	static
ksdk_mbedtls.c:729:5:mbedtls_internal_aes_encrypt	40	static
ksdk_mbedtls.c:765:5:mbedtls_internal_aes_decrypt	40	static
ksdk_mbedtls.c:894:5:mbedtls_aes_crypt_cbc	56	static
ksdk_mbedtls.c:3685:6:mbedtls_sha1_init	16	static
ksdk_mbedtls.c:3690:6:mbedtls_sha1_free	16	static
ksdk_mbedtls.c:3698:6:mbedtls_sha1_clone	16	static
ksdk_mbedtls.c:3706:5:mbedtls_sha1_starts_ret	24	static
ksdk_mbedtls.c:3717:5:mbedtls_internal_sha1_process	24	static
ksdk_mbedtls.c:3731:5:mbedtls_sha1_update_ret	32	static
ksdk_mbedtls.c:3745:5:mbedtls_sha1_finish_ret	24	static
ksdk_mbedtls.c:3834:6:mbedtls_sha1_starts	16	static
ksdk_mbedtls.c:3839:6:mbedtls_sha1_update	24	static
ksdk_mbedtls.c:3844:6:mbedtls_sha1_finish	16	static
ksdk_mbedtls.c:3849:6:mbedtls_sha1_process	16	static
ksdk_mbedtls.c:4199:6:mbedtls_sha256_init	16	static
ksdk_mbedtls.c:4204:6:mbedtls_sha256_free	16	static
ksdk_mbedtls.c:4212:6:mbedtls_sha256_clone	16	static
ksdk_mbedtls.c:4220:5:mbedtls_sha256_starts_ret	24	static
ksdk_mbedtls.c:4234:5:mbedtls_internal_sha256_process	24	static
ksdk_mbedtls.c:4248:5:mbedtls_sha256_update_ret	32	static
ksdk_mbedtls.c:4262:5:mbedtls_sha256_finish_ret	24	static
ksdk_mbedtls.c:4354:6:mbedtls_sha256_starts	16	static
ksdk_mbedtls.c:4359:6:mbedtls_sha256_update	24	static
ksdk_mbedtls.c:4364:6:mbedtls_sha256_finish	16	static
ksdk_mbedtls.c:4369:6:mbedtls_sha256_process	16	static
ksdk_mbedtls.c:4389:5:mbedtls_hardware_poll	32	static
