iot_taskpool.c:1709:16:_timerEventCompare	0	static
iot_taskpool.c:1429:27:_scheduleInternal	16	static
iot_taskpool.c:1042:27:_createTaskPool	48	static
iot_taskpool.c:1126:13:_taskPoolWorker	40	static
iot_taskpool.c:1760:13:_timerThread	48	static
iot_taskpool.c:1549:27:_tryCancelInternal	32	static
iot_taskpool.c:1654:27:_trySafeExtraction	16	static
iot_taskpool.c:270:15:IotTaskPool_GetSystemTaskPool	0	static
iot_taskpool.c:277:20:IotTaskPool_CreateSystemTaskPool	0	static
iot_taskpool.c:292:20:IotTaskPool_Create	24	static
iot_taskpool.c:336:20:IotTaskPool_Destroy	40	static
iot_taskpool.c:472:20:IotTaskPool_SetMaxThreads	24	static
iot_taskpool.c:527:20:IotTaskPool_CreateJob	8	static
iot_taskpool.c:549:20:IotTaskPool_CreateRecyclableJob	32	static
iot_taskpool.c:599:20:IotTaskPool_DestroyRecyclableJob	16	static
iot_taskpool.c:647:20:IotTaskPool_RecycleJob	24	static
iot_taskpool.c:694:20:IotTaskPool_Schedule	24	static
iot_taskpool.c:733:20:IotTaskPool_ScheduleDeferred	48	static
iot_taskpool.c:819:20:IotTaskPool_GetStatus	24	static
iot_taskpool.c:854:20:IotTaskPool_TryCancel	24	static
iot_taskpool.c:889:27:IotTaskPool_GetJobStorageFromHandle	0	static
iot_taskpool.c:894:14:IotTaskPool_strerror	0	static
iot_taskpool.c:936:20:_performTaskPoolParameterValidation	0	static
