sockets.c:1834:1:lwip_selscan	80	static
sockets.c:2192:1:lwip_pollscan	72	static
sockets.c:919:1:lwip_recv_tcp	48	static
sockets.c:2476:1:event_callback	32	static
sockets.c:1087:1:lwip_recvfrom_udp_raw.isra.5	64	static
sockets.c:320:1:lwip_socket_thread_init	0	static
sockets.c:327:1:lwip_socket_thread_cleanup	0	static
sockets.c:422:1:lwip_socket_dbg_get_socket	0	static
sockets.c:620:1:lwip_accept	72	static
sockets.c:717:1:lwip_bind	24	static
sockets.c:771:1:lwip_close	32	static
sockets.c:812:1:lwip_connect	24	static
sockets.c:880:1:lwip_listen	16	static
sockets.c:1198:1:lwip_recvfrom	80	static
sockets.c:1251:1:lwip_read	72	static
sockets.c:1257:1:lwip_readv	64	static
sockets.c:1274:1:lwip_recv	72	static
sockets.c:1280:1:lwip_recvmsg	48	static
sockets.c:1421:1:lwip_sendmsg	56	static
sockets.c:1584:1:lwip_sendto	56	static
sockets.c:1381:1:lwip_send	32	static
sockets.c:1684:1:lwip_socket	32	static
sockets.c:1745:1:lwip_write	56	static
sockets.c:1751:1:lwip_writev	56	static
sockets.c:1963:1:lwip_select	136	static
sockets.c:2318:1:lwip_poll	72	static
sockets.c:2654:1:lwip_shutdown	8	static
sockets.c:2746:1:lwip_getpeername	40	static
sockets.c:2752:1:lwip_getsockname	40	static
sockets.c:2758:1:lwip_getsockopt	32	static
sockets.c:3204:1:lwip_setsockopt	24	static
sockets.c:3742:1:lwip_ioctl	0	static
sockets.c:3835:1:lwip_fcntl	16	static
sockets.c:3918:1:lwip_inet_ntop	8	static
sockets.c:3951:1:lwip_inet_pton	0	static
