ota.c:70:6:dumpHex	24	static
ota.c:86:13:ssl_debug	48	static
ota.c:93:6:x509_cert_print	40	static
ota.c:110:12:_iot_tls_verify_cert	1072	static
ota.c:130:12:lwipSend	24	static
ota.c:138:12:lwipRecv	24	static
ota.c:145:5:https_client_tls_init	8	static
ota.c:316:6:https_client_tls_release	0	static
ota.c:332:5:initOTA	32	static
ota.c:360:6:releaseOTA	8	static
ota.c:372:5:sendRequest	48	static
ota.c:403:5:receiveResponse	144	static
ota.c:541:5:downloadResource	48	static
ota.c:576:5:generateMD5Resource	40	static
ota.c:598:6:asciiToBytes	32	static
ota.c:611:6:prepareImage	32	static
ota.c:624:9:checkActiveImageFlag	16	static
ota.c:633:10:determineTargetImageOffset	16	static
ota.c:642:5:swapActiveImage	296	static
ota.c:669:5:flashErase	40	static
ota.c:704:11:erase_image	4168	static
ota.c:733:5:verifyImage	56	static
ota.c:784:5:https_update_ota	40	static
