sntp.c:209:1:sntp_process	40	static
sntp.c:239:1:sntp_initialize_request	16	static
sntp.c:264:1:sntp_retry	24	static
sntp.c:334:1:sntp_recv	40	static
sntp.c:435:1:sntp_send_request	24	static
sntp.c:467:1:sntp_dns_found	24	static
sntp.c:490:1:sntp_request	24	static
sntp.c:535:1:sntp_init	8	static
sntp.c:571:1:sntp_stop	8	static
sntp.c:585:6:sntp_enabled	0	static
sntp.c:596:1:sntp_setoperatingmode	16	static
sntp.c:608:1:sntp_getoperatingmode	0	static
sntp.c:636:1:sntp_setserver	8	static
sntp.c:686:1:sntp_getserver	8	static
sntp.c:702:1:sntp_setservername	8	static
sntp.c:717:1:sntp_getservername	8	static
