WF200_host_api.c:75:13:sl_wfx_host_init	16	static
WF200_host_api.c:106:13:sl_wfx_host_get_firmware_data	16	static
WF200_host_api.c:125:13:sl_wfx_host_get_firmware_size	16	static
WF200_host_api.c:144:13:sl_wfx_host_get_pds_data	16	static
WF200_host_api.c:168:13:sl_wfx_host_get_pds_size	16	static
WF200_host_api.c:194:13:sl_wfx_host_deinit	0	static
WF200_host_api.c:208:13:sl_wfx_host_reset_chip	16	static
WF200_host_api.c:240:13:sl_wfx_host_hold_in_reset	8	static
WF200_host_api.c:256:13:sl_wfx_host_set_wake_up_pin	16	static
WF200_host_api.c:279:13:sl_wfx_host_wait_for_wake_up	24	static
WF200_host_api.c:298:13:sl_wfx_host_sleep_grant	8	static
WF200_host_api.c:314:13:sl_wfx_host_setup_waited_event	8	static
WF200_host_api.c:333:13:sl_wfx_host_wait_for_confirmation	40	static
WF200_host_api.c:381:13:sl_wfx_host_wait	16	static
WF200_host_api.c:401:13:sl_wfx_host_post_event	72	static
WF200_host_api.c:527:13:sl_wfx_host_allocate_buffer	24	static
WF200_host_api.c:544:13:sl_wfx_host_free_buffer	16	static
WF200_host_api.c:561:13:sl_wfx_host_transmit_frame	16	static
WF200_host_api.c:587:13:sl_wfx_host_lock	16	static
WF200_host_api.c:626:13:sl_wfx_host_unlock	16	static
WF200_host_api.c:661:6:sl_wfx_scan_result_callback	64	static
WF200_host_api.c:694:6:sl_wfx_scan_complete_callback	24	static
WF200_host_api.c:714:6:sl_wfx_connect_callback	24	static
WF200_host_api.c:786:6:sl_wfx_disconnect_callback	24	static
WF200_host_api.c:812:6:sl_wfx_start_ap_callback	24	static
WF200_host_api.c:838:6:sl_wfx_stop_ap_callback	16	static
WF200_host_api.c:857:6:sl_wfx_client_connected_callback	40	static
WF200_host_api.c:880:6:sl_wfx_ap_client_rejected_callback	48	static
WF200_host_api.c:900:6:sl_wfx_ap_client_disconnected_callback	48	static
