fsl_clock.h:961:20:CLOCK_SetMux	24	static
fsl_clock.h:998:20:CLOCK_SetDiv	24	static
fsl_gpio.h:251:20:GPIO_PortEnableInterrupts	8	static
fsl_gpio.h:273:20:GPIO_PortDisableInterrupts	8	static
fsl_lpspi.h:489:20:LPSPI_Enable	8	static
fsl_lpspi.h:515:24:LPSPI_GetStatusFlags	8	static
fsl_lpspi.h:545:24:LPSPI_GetTxFifoCount	8	static
fsl_lpspi.h:573:20:LPSPI_ClearStatusFlags	8	static
fsl_lpspi.h:615:20:LPSPI_DisableInterrupts	8	static
fsl_lpspi.h:741:20:LPSPI_FlushFifo	8	static
WF200_host_spi.c:70:13:sl_wfx_host_spi_cs_assert	8	static
WF200_host_spi.c:85:13:sl_wfx_host_spi_cs_deassert	8	static
WF200_host_spi.c:100:13:sl_wfx_host_init_bus	8	static
WF200_host_spi.c:115:13:sl_wfx_host_deinit_bus	0	static
WF200_host_spi.c:132:13:sl_wfx_host_enable_platform_interrupt	8	static
WF200_host_spi.c:149:13:sl_wfx_host_disable_platform_interrupt	8	static
WF200_host_spi.c:165:13:SetupSPI	48	static
WF200_host_spi.c:236:13:sl_wfx_host_spi_transfer_no_cs_assert	48	static
