core_cm7.h:1885:22:__NVIC_EnableIRQ	8	static
core_cm7.h:2013:22:__NVIC_SetPriority	8	static
fsl_common.h:419:28:EnableIRQ	16	static
fsl_gpio.h:316:20:GPIO_PortClearInterruptFlags	8	static
WF200_setup.c:64:13:WF200_CommsSetup	24	static
WF200_setup.c:148:13:WF200_Create_WF200_InitTask	24	static
WF200_setup.c:198:13:WF200_Init_Task	24	static
WF200_setup.c:296:13:WF200_SetupGPIOs	24	static
WF200_setup.c:319:6:GPIO1_Combined_16_31_DriverIRQHandler	16	static
WF200_setup.c:342:13:WF200_Init	16	static
WF200_setup.c:392:13:WF200_ShutDown	32	static
WF200_setup.c:556:13:WF200_DeleteTask	24	static
WF200_setup.c:595:13:WF200_DeleteQueue	24	static
WF200_setup.c:619:28:WF200_GetControlInfoPtr	0	static
WF200_setup.c:634:6:WF200_SetTaskCreated	16	static
WF200_setup.c:651:6:WF200_SetTaskRunning	16	static
WF200_setup.c:668:6:WF200_SetTaskHandle	16	static
WF200_setup.c:685:6:WF200_SetQueueHandle	16	static
WF200_setup.c:701:6:WF200_SetEventGroupHandle	8	static
WF200_setup.c:715:6:WF200_SetAwake	8	static
WF200_setup.c:729:6:WF200_Set_AP_ModeRequired	8	static
WF200_setup.c:743:6:WF200_SetTestingModeRequired	8	static
WF200_setup.c:757:6:WF200_Set_STA_ModeRequired	8	static
WF200_setup.c:771:6:WF200_SetSemaphoreHandle	8	static
WF200_setup.c:785:6:WF200_Set_STA_ModeNetworkConnected	8	static
WF200_setup.c:799:6:WF200_Set_STA_CommandedDisconnect	8	static
WF200_setup.c:813:25:WF200_Get_WF200_Context	0	static
WF200_setup.c:827:6:WF200_Set_AP_LinkStatus	8	static
WF200_setup.c:841:6:WF200_Set_STA_LinkStatus	8	static
WF200_setup.c:855:6:WF200_Set_AP_NetIF_Status	8	static
WF200_setup.c:869:6:WF200_Set_STA_NetIF_Status	8	static
