OSAL_Api.c:72:13:stdout_putf	0	static
OSAL_Api.c:65:6:Check_all_is_OK	0	static
OSAL_Api.c:78:6:OSAL_printf	16	static
OSAL_Api.c:86:5:OSAL_sprintf	12	static
OSAL_Api.c:97:5:OSAL_snprintf	16	static
OSAL_Api.c:108:8:OSAL_fgets	24	static
OSAL_Api.c:142:6:OSAL_sleep_ms	0	static
OSAL_Api.c:149:8:OSAL_GetTimerParam	0	static
OSAL_Api.c:159:8:OSAL_time	8	static
OSAL_Api.c:165:6:OSAL_SetTime	0	static
OSAL_Api.c:171:10:OSAL_GetTimeInSecondsSinceEpoch	8	static
OSAL_Api.c:176:10:OSAL_time_ms	8	static
OSAL_Api.c:187:9:OSAL_NewTimer	32	static
OSAL_Api.c:213:5:OSAL_DestroyTimer	16	static
OSAL_Api.c:260:5:OSAL_IsMessageQueueNonBlocking	0	static
OSAL_Api.c:268:5:OSAL_SetMessageQueueNonBlock	0	static
OSAL_Api.c:281:5:OSAL_GetMessageQueueSize	0	static
OSAL_Api.c:297:5:OSAL_GetMessageQueueNumCurrentMessages	0	static
OSAL_Api.c:313:5:OSAL_GetMessageQueueMaxMessageSize	0	static
OSAL_Api.c:481:5:OSAL_InitMutex	8	static
OSAL_Api.c:493:5:OSAL_LockMutex	0	static
OSAL_Api.c:504:5:OSAL_TryLockMutex	8	static
OSAL_Api.c:515:5:OSAL_UnLockMutex	0	static
OSAL_Api.c:526:5:OSAL_DestroyMutex	8	static
OSAL_Api.c:542:6:OSAL_Log	24	static
OSAL_Api.c:234:16:OSAL_NewMessageQueue	32	static
OSAL_Api.c:360:5:OSAL_SendMessage	40	static
OSAL_Api.c:403:5:OSAL_ReceiveMessage	64	static
OSAL_Api.c:442:10:OSAL_NewThread	32	static
OSAL_Api.c:464:6:OSAL_KillThread	24	static
stdlib.h:90:7:calloc	16	static
stdlib.h:108:7:malloc	8	static
stdlib.h:94:6:free	0	static
string.h:84:8:strdup	16	static
OSAL_Api.c:666:16:OSAL_MemoryRequest	8	static
OSAL_Api.c:680:6:OSAL_Free	0	static
OSAL_Api.c:690:8:OSAL_GetBlockSize	0	static
OSAL_Api.c:700:8:OSAL_GetAmountStored	0	static
OSAL_Api.c:710:8:OSAL_SetAmountStored	0	static
OSAL_Api.c:723:7:OSAL_GetMemoryPointer	0	static
OSAL_Api.c:728:5:OSAL_watchdog_init	16	static
OSAL_Api.c:736:6:OSAL_watchdog_stop	8	static
OSAL_Api.c:742:6:OSAL_watchdog_refresh	8	static
OSAL_Api.c:751:6:OSAL_watchdog_suspend_refresh	0	static
OSAL_Api.c:756:10:OSAL_StoreOpen	0	static
OSAL_Api.c:763:5:OSAL_StoreWrite	0	static
OSAL_Api.c:768:5:OSAL_StoreRead	0	static
OSAL_Api.c:773:5:OSAL_StoreClose	0	static
OSAL_Api.c:778:5:OSAL_StoreAtomicRename	0	static
OSAL_Api.c:783:5:OSAL_StoreRemove	0	static
OSAL_Api.c:788:5:OSAL_StoreSize	0	static
OSAL_Api.c:795:6:OSAL_StoreExist	0	static
OSAL_Api.c:818:8:getenvDefault	16	static
OSAL_Api.c:824:5:OSAL_InitBinarySemaphore	8	static
OSAL_Api.c:836:5:OSAL_GiveBinarySemaphore	0	static
OSAL_Api.c:847:5:OSAL_TakeBinarySemaphore	0	static
