tinyprintf.c:86:33:ulli2a	48	static
tinyprintf.c:106:13:lli2a	24	static
tinyprintf.c:117:13:uli2a	24	static
tinyprintf.c:136:13:li2a	16	static
tinyprintf.c:146:13:ui2a	24	static
tinyprintf.c:165:13:i2a	16	static
tinyprintf.c:174:12:a2d	8	static
tinyprintf.c:186:13:a2u	40	static
tinyprintf.c:202:13:putchw	40	static
tinyprintf.c:254:6:tfp_format	72	static
tinyprintf.c:428:6:init_printf	8	static
tinyprintf.c:434:6:tfp_printf	16	static
tinyprintf.c:451:13:_vsnprintf_putcf	16	static
tinyprintf.c:459:5:tfp_vsnprintf	40	static
tinyprintf.c:479:5:tfp_snprintf	24	static
tinyprintf.c:496:13:_vsprintf_putcf	16	static
tinyprintf.c:502:5:tfp_vsprintf	32	static
tinyprintf.c:512:5:tfp_sprintf	20	static
