net_sockets.c:118:12:net_prepare	0	static
net_sockets.c:142:6:mbedtls_net_init	8	static
net_sockets.c:150:5:mbedtls_net_connect	56	static
net_sockets.c:246:5:mbedtls_net_bind	80	static
net_sockets.c:393:12:net_would_block	8	static
net_sockets.c:420:5:mbedtls_net_accept	88	static
net_sockets.c:569:5:mbedtls_net_set_block	24	static
net_sockets.c:580:5:mbedtls_net_set_nonblock	24	static
net_sockets.c:594:6:mbedtls_net_usleep	40	static
net_sockets.c:614:5:mbedtls_net_recv	32	static
net_sockets.c:659:5:mbedtls_net_recv_timeout	72	static
net_sockets.c:712:5:mbedtls_net_send	32	static
net_sockets.c:749:6:mbedtls_net_free	16	static
