ecp_alt.c:176:31:mbedtls_ecp_curve_list	0	static
ecp_alt.c:184:29:mbedtls_ecp_grp_id_list	16	static
ecp_alt.c:210:31:mbedtls_ecp_curve_info_from_grp_id	24	static
ecp_alt.c:228:31:mbedtls_ecp_curve_info_from_tls_id	24	static
ecp_alt.c:246:31:mbedtls_ecp_curve_info_from_name	24	static
ecp_alt.c:264:30:ecp_get_type	8	static
ecp_alt.c:278:6:mbedtls_ecp_point_init	16	static
ecp_alt.c:291:6:mbedtls_ecp_group_init	16	static
ecp_alt.c:302:6:mbedtls_ecp_keypair_init	16	static
ecp_alt.c:315:6:mbedtls_ecp_point_free	16	static
ecp_alt.c:328:6:mbedtls_ecp_group_free	24	static
ecp_alt.c:357:6:mbedtls_ecp_keypair_free_o	16	static
ecp_alt.c:382:6:mbedtls_ecp_keypair_free	16	static
ecp_alt.c:391:5:mbedtls_ecp_copy	24	static
ecp_alt.c:406:5:mbedtls_ecp_group_copy	16	static
ecp_alt.c:414:5:mbedtls_ecp_set_zero	24	static
ecp_alt.c:429:5:mbedtls_ecp_is_zero	16	static
ecp_alt.c:437:5:mbedtls_ecp_point_cmp	16	static
ecp_alt.c:453:5:mbedtls_ecp_point_read_string	32	static
ecp_alt.c:469:5:mbedtls_ecp_point_write_binary	32	static
ecp_alt.c:525:5:mbedtls_ecp_point_read_binary	32	static
ecp_alt.c:564:5:mbedtls_ecp_tls_read_point	32	static
ecp_alt.c:595:5:mbedtls_ecp_tls_write_point	40	static
ecp_alt.c:623:5:mbedtls_ecp_tls_read_group_o	32	static
ecp_alt.c:666:5:mbedtls_ecp_tls_read_group	32	static
ecp_alt.c:675:5:mbedtls_ecp_tls_write_group	32	static
ecp_alt.c:710:12:ecp_modp	24	static
ecp_alt.c:791:12:ecp_normalize_jac	48	static
ecp_alt.c:845:12:ecp_normalize_jac_many	72	static
ecp_alt.c:935:12:ecp_safe_invert_jac	48	static
ecp_alt.c:972:12:ecp_double_jac	80	static
ecp_alt.c:1072:12:ecp_add_mixed	112	static
ecp_alt.c:1163:12:ecp_randomize_jac	64	static
ecp_alt.c:1246:13:ecp_comb_fixed	40	static
ecp_alt.c:1288:12:ecp_precompute_comb	48	static
ecp_alt.c:1343:12:ecp_select_comb	32	static
ecp_alt.c:1375:12:ecp_mul_comb_core	80	static
ecp_alt.c:1414:12:ecp_mul_comb	280	static
ecp_alt.c:1756:5:mbedtls_ecp_mul	40	static
ecp_alt.c:1807:12:ecp_check_pubkey_sw	48	static
ecp_alt.c:1857:12:mbedtls_ecp_mul_shortcuts	40	static
ecp_alt.c:1888:5:ecp_add	32	static
ecp_alt.c:1910:5:mbedtls_ecp_muladd	64	static
ecp_alt.c:1972:5:mbedtls_ecp_check_pubkey	16	static
ecp_alt.c:1992:5:mbedtls_ecp_check_privkey	16	static
ecp_alt.c:2028:5:mbedtls_ecp_gen_keypair_base	48	static
ecp_alt.c:2112:5:mbedtls_ecp_gen_keypair	32	static
ecp_alt.c:2123:5:mbedtls_ecp_gen_key	40	static
ecp_alt.c:2137:5:mbedtls_ecp_check_pub_priv	192	static
ecp_alt.c:2181:5:mbedtls_ecp_self_test	288	static
