logic.c:35:10:getWisafeMainLoopCount	0	static
logic.c:48:20:getWisafeLearnInStatus	0	static
logic.c:61:6:resetWisafeLearnInStatus	0	static
logic.c:228:6:SetNbrBit	16	static
logic.c:292:6:NextRandom	4	static
logic.c:356:6:StartRumor	16	static
logic.c:374:6:StartReasonRumor	16	static
logic.c:512:6:AckRumorForUs	0	static
logic.c:550:6:PropagationAccepted	8	static
logic.c:678:6:ClearMapsAndRumors	8	static
logic.c:1272:6:ResetEEPROM	8	static
logic.c:1298:6:ResetEEPROM_MFCT	8	static
logic.c:1315:6:SetEEPROM_MFCT	8	static
logic.c:1332:6:TestEEPROM_MFCT	0	static
logic.c:1350:6:SaveMeshInfo	24	static
logic.c:147:6:SIDMapUpdate	32	static
logic.c:595:6:ProcessConfirmation	24	static
logic.c:640:6:GenerateConfirmation	24	static
logic.c:706:6:RM_MainLoop	40	static
logic.c:1397:6:RestoreMeshInfo	16	static
logic.c:74:6:Init_RM	24	static
logic.c:1462:6:MeshMagicIsReserved	0	static
logic.c:1477:6:SaveFreqFrac	16	static
