core_cm7.h:1902:22:__NVIC_EnableIRQ	8	static
core_cm7.h:2030:22:__NVIC_SetPriority	8	static
fsl_gpio.h:251:20:GPIO_PortEnableInterrupts	8	static
fsl_lpspi.h:581:20:LPSPI_ClearStatusFlags	8	static
fsl_lpspi.h:749:20:LPSPI_FlushFifo	8	static
radio.c:140:6:Init_Keys	8	static
radio.c:164:9:GetSID	0	static
radio.c:178:10:GetKeys	0	static
radio.c:192:6:Init_Radio	16	static
radio.c:332:6:Sleep_Radio	8	static
radio.c:353:6:Write_RadioCommand	24	static
radio.c:414:6:ReadRxBuffer	24	static
radio.c:466:6:Read_RadioInterruptStatus	8	static
radio.c:486:6:Set_RadioInterruptStatus	0	static
radio.c:503:6:Set_SyncDetected	0	static
radio.c:521:6:Get_RadioResponse	24	static
radio.c:606:6:SetRadioProperty	16	static
radio.c:645:6:Get_RadioCTS	0	static
radio.c:699:6:JoinNetwork	24	static
radio.c:752:6:ReceiveInviteMessage	24	static
radio.c:827:6:SendJoinRequestMessage	24	static
radio.c:870:6:ReceiveJoinAckMessage	24	static
radio.c:986:6:SendOkMessage	24	static
radio.c:1029:9:RceiveOkMessage	32	static
radio.c:1084:6:ReceiveRumourAckMessage	32	static
radio.c:1167:6:ReceivePropagateAckMessage	32	static
radio.c:1250:6:Chirp	24	static
radio.c:1305:6:ChirpToReceive	32	static
radio.c:1650:6:ListenToTransmitPacket	48	static
radio.c:1984:6:ChangeState	16	static
radio.c:2020:6:StartRadioRx	16	static
radio.c:2072:6:StartRadioTx	16	static
radio.c:2111:6:UploadMessage	16	static
radio.c:2149:6:DownloadMessage	16	static
radio.c:2189:6:ResetFIFO	16	static
radio.c:2289:6:RadioContinuousTransmit	16	static
