radio.c:353:6:Write_RadioCommand.constprop	24	static
radio.c:2189:6:ResetFIFO	24	static
radio.c:606:6:SetRadioProperty.constprop	24	static
radio.c:2072:6:StartRadioTx.constprop	24	static
radio.c:2020:6:StartRadioRx.constprop	24	static
radio.c:164:9:GetSID	0	static
radio.c:178:10:GetKeys	0	static
radio.c:192:6:Init_Radio	48	static
radio.c:332:6:Sleep_Radio	16	static
radio.c:466:6:Read_RadioInterruptStatus	24	static
radio.c:486:6:Set_RadioInterruptStatus	0	static
radio.c:503:6:Set_SyncDetected	0	static
radio.c:606:6:SetRadioProperty	24	static
radio.c:752:6:ReceiveInviteMessage	48	static
radio.c:827:6:SendJoinRequestMessage	48	static
radio.c:986:6:SendOkMessage	48	static
radio.c:870:6:ReceiveJoinAckMessage	40	static
radio.c:699:6:JoinNetwork	16	static
radio.c:1029:9:RceiveOkMessage	48	static
radio.c:1084:6:ReceiveRumourAckMessage	48	static
radio.c:1167:6:ReceivePropagateAckMessage	0	static
radio.c:1250:6:Chirp	48	static
radio.c:2020:6:StartRadioRx	24	static
radio.c:2111:6:UploadMessage	16	static
radio.c:1305:6:ChirpToReceive	72	static
radio.c:1650:6:ListenToTransmitPacket	72	static
radio.c:2149:6:DownloadMessage	16	static
radio.c:2289:6:RadioContinuousTransmit	56	static
