LSD_PropertyStore.c:588:28:prv_SetProperty	32	static
LSD_PropertyStore.c:122:28:prv_GetPropertyIndexByCloudName.constprop	24	static
LSD_PropertyStore.c:232:21:prv_CreateBlob	32	static
LSD_PropertyStore.c:422:17:LSD_RemoveProperty_Safe	88	static
LSD_PropertyStore.c:544:18:LSD_RemoveAllPropertiesOfObject_Safe	56	static
LSD_PropertyStore.c:714:17:LSD_InitialisePropertyStore	16	static
LSD_PropertyStore.c:740:22:LSD_GetPropertyValuePtrFromGroupDirectly	0	static
LSD_PropertyStore.c:781:17:LSD_SetPropertyOutOfSyncDirectly	24	static
LSD_PropertyStore.c:873:17:LSD_CreatePropertyDirectly	104	static
LSD_PropertyStore.c:915:17:LSD_FindPropertyByAgentSideIdDirectly	8	static
LSD_PropertyStore.c:962:17:LSD_SetPropertyValueByAgentSideIdDirectly	32	static
LSD_PropertyStore.c:1025:10:LSD_SetPropertiesOfObjectDirectly	96	static
LSD_PropertyStore.c:1085:17:LSD_SendPropertiesByFilter_Safe	168	static
LSD_PropertyStore.c:1305:17:LSD_FindPropertyByCloudSideIdDirectly	16	static
LSD_PropertyStore.c:1355:17:LSD_CopyBufferToPropertyDirectly	48	static
LSD_PropertyStore.c:1463:17:prv_CopyFromPropertyBufferDirectly	24	static
LSD_PropertyStore.c:1552:17:LSD_CopyFromPropertyBufferByAgentSideIdDirectly	24	static
LSD_PropertyStore.c:1599:17:LSD_GetSizeOfPropertyBufferDirectly	8	static
LSD_PropertyStore.c:1654:17:LSD_GetSizeOfPropertyBufferContentDirectly	8	static
LSD_PropertyStore.c:1697:17:LSD_GetPropertyValueByCloudSideIdDirectly	24	static
LSD_PropertyStore.c:1765:17:LSD_CopyFromPropertyBufferByCloudSideIdDirectly	40	static
LSD_PropertyStore.c:1822:6:LSD_IsPropertyNested	8	static
LSD_PropertyStore.c:1872:6:LSD_DumpProperty	400	static
LSD_PropertyStore.c:1918:6:LSD_DumpProperties	16	static
