LSD_EnsoObjectStore.c:358:15:LSD_FindEnsoObjectByDeviceIdDirectly.part.2	40	static
LSD_EnsoObjectStore.c:112:5:LSD_DeviceIdCompare	16	static
LSD_EnsoObjectStore.c:164:6:LSD_IsEnsoDeviceIdValid	16	static
LSD_EnsoObjectStore.c:188:17:LSD_CopyDeviceId	32	static
LSD_EnsoObjectStore.c:217:17:LSD_EnsoObjectStoreInit	8	static
LSD_EnsoObjectStore.c:241:15:LSD_CreateEnsoObjectDirectly	64	static
LSD_EnsoObjectStore.c:303:17:LSD_DestroyEnsoDeviceDirectly	40	static
LSD_EnsoObjectStore.c:329:17:LSD_RegisterEnsoObjectDirectly	40	static
LSD_EnsoObjectStore.c:358:15:LSD_FindEnsoObjectByDeviceIdDirectly	24	static
LSD_EnsoObjectStore.c:397:15:LSD_FindEnsoObjectNeedingAnnounceDirectly	24	static
LSD_EnsoObjectStore.c:428:15:LSD_GetNotUnsubcribedEnsoObjects	8	static
LSD_EnsoObjectStore.c:454:5:LSD_CountEnsoObjectsDirectly	32	static
LSD_EnsoObjectStore.c:486:17:LSD_NotifyDirectly	288	static
LSD_EnsoObjectStore.c:662:17:LSD_SetDeviceStatusDirectly	64	static
LSD_EnsoObjectStore.c:694:17:LSD_SyncLocalShadow	56	static
LSD_EnsoObjectStore.c:759:17:LSD_SendPropertiesByFilter	72	static
LSD_EnsoObjectStore.c:848:17:LSD_GetDevicesIdDirectly	56	static
LSD_EnsoObjectStore.c:891:6:LSD_DumpObjectStore	32	static
