LSD_EnsoObjectStore.c:61:13:prv_SetDeviceStatus	56	static
LSD_EnsoObjectStore.c:112:5:LSD_DeviceIdCompare	24	static
LSD_EnsoObjectStore.c:164:6:LSD_IsEnsoDeviceIdValid	32	static
LSD_EnsoObjectStore.c:188:17:LSD_CopyDeviceId	24	static
LSD_EnsoObjectStore.c:217:17:LSD_EnsoObjectStoreInit	16	static
LSD_EnsoObjectStore.c:241:15:LSD_CreateEnsoObjectDirectly	48	static
LSD_EnsoObjectStore.c:303:17:LSD_DestroyEnsoDeviceDirectly	32	static
LSD_EnsoObjectStore.c:329:17:LSD_RegisterEnsoObjectDirectly	24	static
LSD_EnsoObjectStore.c:358:15:LSD_FindEnsoObjectByDeviceIdDirectly	24	static
LSD_EnsoObjectStore.c:397:15:LSD_FindEnsoObjectNeedingAnnounceDirectly	16	static
LSD_EnsoObjectStore.c:428:15:LSD_GetNotUnsubcribedEnsoObjects	8	static
LSD_EnsoObjectStore.c:454:5:LSD_CountEnsoObjectsDirectly	16	static
LSD_EnsoObjectStore.c:486:17:LSD_NotifyDirectly	312	static
LSD_EnsoObjectStore.c:662:17:LSD_SetDeviceStatusDirectly	32	static
LSD_EnsoObjectStore.c:694:17:LSD_SyncLocalShadow	56	static
LSD_EnsoObjectStore.c:759:17:LSD_SendPropertiesByFilter	72	static
LSD_EnsoObjectStore.c:848:17:LSD_GetDevicesIdDirectly	48	static
LSD_EnsoObjectStore.c:891:6:LSD_DumpObjectStore	16	static
