LSD_PropertyStore.c:69:28:prv_GetPropertyIndexByClientSideId	40	static
LSD_PropertyStore.c:122:28:prv_GetPropertyIndexByCloudName	48	static
LSD_PropertyStore.c:181:28:prv_InitialisePropertyStore	32	static
LSD_PropertyStore.c:232:21:prv_CreateBlob	40	static
LSD_PropertyStore.c:283:28:prv_CreateProperty	88	static
LSD_PropertyStore.c:422:17:LSD_RemoveProperty_Safe	80	static
LSD_PropertyStore.c:544:18:LSD_RemoveAllPropertiesOfObject_Safe	32	static
LSD_PropertyStore.c:588:28:prv_SetProperty	80	static
LSD_PropertyStore.c:714:17:LSD_InitialisePropertyStore	24	static
LSD_PropertyStore.c:740:22:LSD_GetPropertyValuePtrFromGroupDirectly	16	static
LSD_PropertyStore.c:781:17:LSD_SetPropertyOutOfSyncDirectly	40	static
LSD_PropertyStore.c:873:17:LSD_CreatePropertyDirectly	48	static
LSD_PropertyStore.c:915:17:LSD_FindPropertyByAgentSideIdDirectly	32	static
LSD_PropertyStore.c:962:17:LSD_SetPropertyValueByAgentSideIdDirectly	48	static
LSD_PropertyStore.c:1025:10:LSD_SetPropertiesOfObjectDirectly	56	static
LSD_PropertyStore.c:1085:17:LSD_SendPropertiesByFilter_Safe	184	static
LSD_PropertyStore.c:1305:17:LSD_FindPropertyByCloudSideIdDirectly	32	static
LSD_PropertyStore.c:1355:17:LSD_CopyBufferToPropertyDirectly	64	static
LSD_PropertyStore.c:1463:17:prv_CopyFromPropertyBufferDirectly	40	static
LSD_PropertyStore.c:1552:17:LSD_CopyFromPropertyBufferByAgentSideIdDirectly	40	static
LSD_PropertyStore.c:1599:17:LSD_GetSizeOfPropertyBufferDirectly	40	static
LSD_PropertyStore.c:1654:17:LSD_GetSizeOfPropertyBufferContentDirectly	40	static
LSD_PropertyStore.c:1697:17:LSD_GetPropertyValueByCloudSideIdDirectly	40	static
LSD_PropertyStore.c:1765:17:LSD_CopyFromPropertyBufferByCloudSideIdDirectly	48	static
LSD_PropertyStore.c:1822:6:LSD_IsPropertyNested	32	static
LSD_PropertyStore.c:1847:15:Handler2s	8	static
LSD_PropertyStore.c:1872:6:LSD_DumpProperty	424	static
LSD_PropertyStore.c:1918:6:LSD_DumpProperties	24	static
