rsa.c:1902:12:rsa_rsassa_pkcs1_v15_encode	40	static
rsa.c:2558:12:myrand	16	static
rsa.c:160:12:rsa_check_context.isra.0	24	static
rsa.c:96:5:mbedtls_rsa_import	24	static
rsa.c:119:5:mbedtls_rsa_import_raw	16	static
rsa.c:248:5:mbedtls_rsa_complete	64	static
rsa.c:343:5:mbedtls_rsa_export_raw	64	static
rsa.c:391:5:mbedtls_rsa_export	48	static
rsa.c:436:5:mbedtls_rsa_export_crt	24	static
rsa.c:476:6:mbedtls_rsa_init	16	static
rsa.c:496:6:mbedtls_rsa_set_padding	0	static
rsa.c:511:8:mbedtls_rsa_get_len	0	static
rsa.c:639:5:mbedtls_rsa_check_pubkey	16	static
rsa.c:664:5:mbedtls_rsa_check_privkey	48	static
rsa.c:525:5:mbedtls_rsa_gen_key	104	static
rsa.c:694:5:mbedtls_rsa_check_pub_priv	24	static
rsa.c:719:5:mbedtls_rsa_public	56	static
rsa.c:832:5:mbedtls_rsa_private	184	static
rsa.c:1209:5:mbedtls_rsa_rsaes_pkcs1_v15_encrypt	48	static
rsa.c:1280:5:mbedtls_rsa_pkcs1_encrypt	4	static
rsa.c:1553:5:mbedtls_rsa_rsaes_pkcs1_v15_decrypt	560	static
rsa.c:1719:5:mbedtls_rsa_pkcs1_decrypt	4	static
rsa.c:2017:5:mbedtls_rsa_rsassa_pkcs1_v15_sign	40	static
rsa.c:2097:5:mbedtls_rsa_pkcs1_sign	40	static
rsa.c:2321:5:mbedtls_rsa_rsassa_pkcs1_v15_verify	48	static
rsa.c:2404:5:mbedtls_rsa_pkcs1_verify	48	static
rsa.c:2443:5:mbedtls_rsa_copy	72	static
rsa.c:2485:6:mbedtls_rsa_free	8	static
rsa.c:2582:5:mbedtls_rsa_self_test	968	static
