x509_crt.c:328:12:x509_name_cmp	24	static
x509_crt.c:2619:6:mbedtls_x509_crt_free.part.12	24	static
x509_crt.c:2260:12:x509_crt_verify_chain.isra.11	136	static
x509_crt.c:2430:13:x509_crt_verify_name	48	static
x509_crt.c:2534:5:mbedtls_x509_crt_verify_restartable.constprop	128	static
x509_crt.c:831:12:x509_crt_parse_der_core	136	static
x509_crt.c:1088:5:mbedtls_x509_crt_parse_der.part.13	32	static
x509_crt.c:1088:5:mbedtls_x509_crt_parse_der	32	static
x509_crt.c:1139:5:mbedtls_x509_crt_parse	80	static
x509_crt.c:1529:5:mbedtls_x509_crt_info	88	static
x509_crt.c:1690:5:mbedtls_x509_crt_verify_info	48	static
x509_crt.c:1719:5:mbedtls_x509_crt_check_key_usage	0	static
x509_crt.c:1744:5:mbedtls_x509_crt_check_extended_key_usage	24	static
x509_crt.c:2497:5:mbedtls_x509_crt_verify	0	static
x509_crt.c:2512:5:mbedtls_x509_crt_verify_with_profile	8	static
x509_crt.c:2534:5:mbedtls_x509_crt_verify_restartable	128	static
x509_crt.c:2611:6:mbedtls_x509_crt_init	0	static
x509_crt.c:2619:6:mbedtls_x509_crt_free	0	static
