WiSafeTest.c:326:5:clean_suite1	0	static
WiSafeTest.c:315:5:init_suite1	8	static
WiSafeTest.c:401:13:TestDeviceTested	72	static
WiSafeTest.c:640:6:TestRmAll	128	static
WiSafeTest.c:565:6:TestTestMode	120	static
WiSafeTest.c:453:6:TestLearnIn	144	static
WiSafeTest.c:700:6:TestFaultsAndAlarms	64	static
WiSafeTest.c:72:8:LSD_EnsoErrorCode_eToString	0	static
WiSafeTest.c:124:21:LSD_GetTimeNow	8	static
WiSafeTest.c:157:17:LSD_GetPropertyCloudNameFromAgentSideId	16	static
WiSafeTest.c:203:5:LSD_DeviceIdCompare	16	static
WiSafeTest.c:260:6:SYS_IsGateway	8	static
WiSafeTest.c:290:17:LSD_GetDevicesId	8	static
WiSafeTest.c:752:5:EnsoMain	48	static
