WiSafeTest_DAL.c:427:24:WiSafe_DALSetProperty	72	static
WiSafeTest_DAL.c:86:16:EnsoDeviceFromWiSafeID	16	static
WiSafeTest_DAL.c:214:6:WiSafe_DALDeleteDevice	40	static
WiSafeTest_DAL.c:267:6:WiSafe_DALInit	24	static
WiSafeTest_DAL.c:292:6:WiSafe_DALClose	8	static
WiSafeTest_DAL.c:309:6:WiSafe_DALIsDeviceRegistered	8	static
WiSafeTest_DAL.c:327:17:WiSafe_DALRegisterDevice	24	static
WiSafeTest_DAL.c:554:17:WiSafe_DALSetDesiredProperty	168	static
WiSafeTest_DAL.c:508:17:WiSafe_DALSetReportedProperty	48	static
WiSafeTest_DAL.c:371:17:WiSafe_DALCreateProperty	40	static
WiSafeTest_DAL.c:712:6:WiSafe_DALGetDeviceIdForSID	32	static
WiSafeTest_DAL.c:750:6:WiSafe_DALDeviceIterate	16	static
WiSafeTest_DAL.c:888:17:WiSafe_DALDevicesEnumerate	12	static
WiSafeTest_DAL.c:904:17:WiSafe_DALSetReportedProperties	48	static
WiSafeTest_DAL.c:924:17:WiSafe_DALSetDesiredProperties	184	static
WiSafeTest_DAL.c:966:16:WiSafe_ConvertAgentToName	24	static
WiSafeTest_DAL.c:607:21:WiSafe_DALGetDesiredProperty	24	static
WiSafeTest_DAL.c:652:28:WiSafe_DALGetReportedPropertyInternal	24	static
WiSafeTest_DAL.c:692:21:WiSafe_DALGetReportedProperty	24	static
WiSafeTest_DAL.c:853:17:WiSafe_DALIncrementReportedProperty	56	static
WiSafeTest_DAL.c:807:17:WiSafe_DALSubscribeToDesiredProperty	16	static
WiSafeTest_DAL.c:1024:28:WiSafe_ConvertNameToAgent	24	static
WiSafeTest_DAL.c:1136:6:CheckReportedProperty	56	static
WiSafeTest_DAL.c:1185:24:WiSafe_DALDeleteProperty	32	static
