WiSafeTest.c:72:8:LSD_EnsoErrorCode_eToString	8	static
WiSafeTest.c:124:21:LSD_GetTimeNow	32	static
WiSafeTest.c:157:17:LSD_GetPropertyCloudNameFromAgentSideId	32	static
WiSafeTest.c:203:5:LSD_DeviceIdCompare	24	static
WiSafeTest.c:260:6:SYS_IsGateway	32	static
WiSafeTest.c:290:17:LSD_GetDevicesId	32	static
WiSafeTest.c:315:5:init_suite1	16	static
WiSafeTest.c:326:5:clean_suite1	0	static
WiSafeTest.c:335:13:ClearSidMap	8	static
WiSafeTest.c:343:13:SetSidMapBit	24	static
WiSafeTest.c:361:13:ClearSidMapBit	24	static
WiSafeTest.c:376:16:DevicePriority	8	static
WiSafeTest.c:384:16:DeviceSID	8	static
WiSafeTest.c:392:20:DeviceModelString	8	static
WiSafeTest.c:401:13:TestDeviceTested	72	static
WiSafeTest.c:432:13:WaitAndRespondToSidMapRequest	40	static
WiSafeTest.c:453:6:TestLearnIn	152	static
WiSafeTest.c:565:6:TestTestMode	96	static
WiSafeTest.c:640:6:TestRmAll	96	static
WiSafeTest.c:700:6:TestFaultsAndAlarms	64	static
WiSafeTest.c:752:5:EnsoMain	64	static
