WiSafe_DAL.c:39:13:WiSafe_DALIsPropertyPersistent	0	static
WiSafe_DAL.c:257:13:LogSetOperation	64	static
WiSafe_DAL.c:298:24:SetPropertyHelper	96	static
WiSafe_DAL.c:82:16:EnsoDeviceFromWiSafeID	16	static
WiSafe_DAL.c:110:6:WiSafe_DALDeleteDevice	40	static
WiSafe_DAL.c:122:6:WiSafe_DALInit	0	static
WiSafe_DAL.c:130:6:WiSafe_DALClose	0	static
WiSafe_DAL.c:141:6:WiSafe_DALIsDeviceRegistered	32	static
WiSafe_DAL.c:155:17:WiSafe_DALRegisterDevice	152	static
WiSafe_DAL.c:425:17:WiSafe_DALCreateProperty	88	static
WiSafe_DAL.c:471:24:WiSafe_DALDeleteProperty	64	static
WiSafe_DAL.c:501:17:WiSafe_DALSetReportedProperty	104	static
WiSafe_DAL.c:523:17:WiSafe_DALSetReportedProperties	176	dynamic
WiSafe_DAL.c:540:17:WiSafe_DALSetDesiredProperty	104	static
WiSafe_DAL.c:554:21:WiSafe_DALGetReportedProperty	64	static
WiSafe_DAL.c:571:21:WiSafe_DALGetDesiredProperty	64	static
WiSafe_DAL.c:587:6:WiSafe_DALGetDeviceIdForSID	840	static
WiSafe_DAL.c:622:17:WiSafe_DALDevicesEnumerate	864	static
WiSafe_DAL.c:659:17:WiSafe_DALSubscribeToDesiredProperty	48	static
WiSafe_DAL.c:683:17:WiSafe_DALIncrementReportedProperty	88	static
