WiSafe_Discovery.c:243:13:Refresh	48	static
WiSafe_Discovery.c:296:13:IsBitSet	24	static
WiSafe_Discovery.c:310:13:SetBit	24	static
WiSafe_Discovery.c:328:14:PrettySIDMap	24	static
WiSafe_Discovery.c:346:13:EndTestMode	112	static
WiSafe_Discovery.c:369:10:WiSafe_DiscoveryFindDeviceType	40	static
WiSafe_Discovery.c:407:7:WiSafe_DiscoveryFindProfile	32	static
WiSafe_Discovery.c:496:6:WiSafe_DiscoveryIsFeatureSupported	40	static
WiSafe_Discovery.c:526:9:WiSafe_DiscoveryFaultDetailsType	48	static
WiSafe_Discovery.c:554:13:FlushAllComplete	56	static
WiSafe_Discovery.c:574:13:InitMissingNodeScan	104	static
WiSafe_Discovery.c:683:13:TestMissingUpdateMapAtEnd	344	static
WiSafe_Discovery.c:878:13:TestMissingContinue	56	static
WiSafe_Discovery.c:940:13:TestMissingTimeout	16	static
WiSafe_Discovery.c:951:6:RequestRemoteStatus	40	static
WiSafe_Discovery.c:973:6:RequestRemoteDetails	32	static
WiSafe_Discovery.c:989:6:WiSafe_DiscoveryMissingNodeReport	368	static
WiSafe_Discovery.c:1178:13:SubscribeToDeviceProperties	40	static
WiSafe_Discovery.c:1204:6:Wisafe_OpenDevicesFile	48	static
WiSafe_Discovery.c:1234:6:WiSafe_DiscoveryInit	312	static
WiSafe_Discovery.c:1315:6:WiSafe_DiscoveryHandleTimer	40	static
WiSafe_Discovery.c:1355:6:WiSafe_ProcessWisafeDevicesFile	112	static
WiSafe_Discovery.c:1452:6:WiSafe_CheckWisafeDevicesFile	120	static
WiSafe_Discovery.c:1492:6:WiSafe_DiscoveryInterrogateUnknownDevicesContinue	120	static
WiSafe_Discovery.c:1595:6:WiSafe_DiscoveryInterrogateUnknownDevicesCheck	112	static
WiSafe_Discovery.c:1655:6:WiSafe_DiscoveryProcessSIDMap	112	static
WiSafe_Discovery.c:1730:6:WiSafe_DiscoveryRemoteStatusReceived	32	static
WiSafe_Discovery.c:1756:6:WiSafe_DiscoveryProcessDeviceTested	296	static
WiSafe_Discovery.c:2020:6:WiSafe_DiscoveryLearnMode	120	static
WiSafe_Discovery.c:2117:13:CancelMissingNodeTest	8	static
WiSafe_Discovery.c:2133:6:WiSafe_DiscoveryTestMode	88	static
WiSafe_Discovery.c:2200:15:WiSafe_DiscoveryGetModelForDevice	40	static
WiSafe_Discovery.c:2217:6:WiSafe_DiscoveryLeave	16	static
WiSafe_Discovery.c:2232:6:WiSafe_DiscoveryFlushAll	264	static
WiSafe_Discovery.c:2295:6:WiSafe_DiscoveryFlush	64	static
WiSafe_Discovery.c:2343:24:WiSafe_CalculateShadowSIDMap	248	static
WiSafe_Discovery.c:2381:24:FindDeviceBySID	248	static
WiSafe_Discovery.c:2416:6:WiSafe_DiscoveryProcessSIDMapUpdate	112	static
WiSafe_Discovery.c:2467:6:WiSafe_DiscoveryProcessRumourTargetResponse	24	static
