WiSafe_Discovery.c:1178:13:SubscribeToDeviceProperties	24	static
WiSafe_Discovery.c:554:13:FlushAllComplete	48	static
WiSafe_Discovery.c:574:13:InitMissingNodeScan	64	static
WiSafe_Discovery.c:346:13:EndTestMode.constprop	112	static
WiSafe_Discovery.c:683:13:TestMissingUpdateMapAtEnd	280	static
WiSafe_Discovery.c:878:13:TestMissingContinue	32	static
WiSafe_Discovery.c:369:10:WiSafe_DiscoveryFindDeviceType	24	static
WiSafe_Discovery.c:407:7:WiSafe_DiscoveryFindProfile	24	static
WiSafe_Discovery.c:496:6:WiSafe_DiscoveryIsFeatureSupported	32	static
WiSafe_Discovery.c:526:9:WiSafe_DiscoveryFaultDetailsType	32	static
WiSafe_Discovery.c:951:6:RequestRemoteStatus	24	static
WiSafe_Discovery.c:973:6:RequestRemoteDetails	24	static
WiSafe_Discovery.c:989:6:WiSafe_DiscoveryMissingNodeReport	288	static
WiSafe_Discovery.c:1204:6:Wisafe_OpenDevicesFile	32	static
WiSafe_Discovery.c:1234:6:WiSafe_DiscoveryInit	304	static
WiSafe_Discovery.c:1492:6:WiSafe_DiscoveryInterrogateUnknownDevicesContinue	96	static
WiSafe_Discovery.c:1595:6:WiSafe_DiscoveryInterrogateUnknownDevicesCheck	72	static
WiSafe_Discovery.c:1730:6:WiSafe_DiscoveryRemoteStatusReceived	176	static
WiSafe_Discovery.c:1756:6:WiSafe_DiscoveryProcessDeviceTested	168	static
WiSafe_Discovery.c:1355:6:WiSafe_ProcessWisafeDevicesFile	80	static
WiSafe_Discovery.c:1452:6:WiSafe_CheckWisafeDevicesFile.part.5	104	static
WiSafe_Discovery.c:1452:6:WiSafe_CheckWisafeDevicesFile	0	static
WiSafe_Discovery.c:1655:6:WiSafe_DiscoveryProcessSIDMap	72	static
WiSafe_Discovery.c:2020:6:WiSafe_DiscoveryLearnMode	72	static
WiSafe_Discovery.c:1315:6:WiSafe_DiscoveryHandleTimer	24	static
WiSafe_Discovery.c:2133:6:WiSafe_DiscoveryTestMode	72	static
WiSafe_Discovery.c:2200:15:WiSafe_DiscoveryGetModelForDevice	32	static
WiSafe_Discovery.c:2217:6:WiSafe_DiscoveryLeave	8	static
WiSafe_Discovery.c:2232:6:WiSafe_DiscoveryFlushAll	264	static
WiSafe_Discovery.c:2295:6:WiSafe_DiscoveryFlush	72	static
WiSafe_Discovery.c:2416:6:WiSafe_DiscoveryProcessSIDMapUpdate	280	static
WiSafe_Discovery.c:2467:6:WiSafe_DiscoveryProcessRumourTargetResponse	16	static
