WiSafe_Protocol.c:67:17:WiSafe_NewAlarmIdent	32	static
WiSafe_Protocol.c:94:21:WiSafe_EncodeAlarmIdent	24	static
WiSafe_Protocol.c:128:21:WiSafe_EncodeRequestSIDMap	16	static
WiSafe_Protocol.c:150:19:WiSafe_DecodeDeviceTested	32	static
WiSafe_Protocol.c:173:28:WiSafe_DecodeRemoteIdResult	32	static
WiSafe_Protocol.c:195:12:WiSafe_DecodeFault	32	static
WiSafe_Protocol.c:217:12:WiSafe_DecodeAlarm	32	static
WiSafe_Protocol.c:240:21:WiSafe_EncodeUpdateSIDMap	24	static
WiSafe_Protocol.c:261:21:WiSafe_EncodeRMLearnIn	16	static
WiSafe_Protocol.c:285:21:WiSafe_EncodeReadVolts	24	static
WiSafe_Protocol.c:318:21:WiSafe_EncodeReadTemp	16	static
WiSafe_Protocol.c:332:21:WiSafe_EncodeRequestFaultDetails	24	static
WiSafe_Protocol.c:364:21:WiSafe_DecodeExtDiagVarResp	32	static
WiSafe_Protocol.c:387:18:WiSafe_DecodeFaultDetail	32	static
WiSafe_Protocol.c:410:16:WiSafe_DecodeAlarmStop	32	static
WiSafe_Protocol.c:432:11:WiSafe_DecodeHush	32	static
WiSafe_Protocol.c:454:13:WiSafe_DecodeLocate	32	static
WiSafe_Protocol.c:479:21:WiSafe_EncodeDeviceTest	24	static
WiSafe_Protocol.c:514:21:WiSafe_EncodeSounderEnable	24	static
WiSafe_Protocol.c:548:25:WiSafe_DecodeRMDiagnosticResult	32	static
WiSafe_Protocol.c:577:16:WiSafe_DecodeRMSDFault	32	static
WiSafe_Protocol.c:598:21:WiSafe_EncodeRequestRemoteStatus	24	static
WiSafe_Protocol.c:624:21:WiSafe_EncodeRequestRemoteIDDetails	24	static
WiSafe_Protocol.c:650:21:WiSafe_EncodeRumourTarget	24	static
WiSafe_Protocol.c:675:21:WiSafe_EncodeRMDiagnosticRequest	16	static
WiSafe_Protocol.c:696:21:WiSafe_EncodeHush	16	static
WiSafe_Protocol.c:722:21:WiSafe_EncodeLocate	16	static
WiSafe_Protocol.c:755:25:WiSafe_DecodeRemoteStatusReport	40	static
