WiSafe_RadioCommsBuffer.c:33:13:WiSafe_RadioCommsBufferInit	16	static
WiSafe_RadioCommsBuffer.c:62:21:WiSafe_RadioCommsBufferGet	16	static
WiSafe_RadioCommsBuffer.c:90:21:WiSafe_RadioCommsBufferBusyGet	32	static
WiSafe_RadioCommsBuffer.c:118:6:WiSafe_RadioCommsBufferRelease	16	static
WiSafe_RadioCommsBuffer.c:138:6:WiSafe_RadioCommsBufferDump	208	static
WiSafe_RadioCommsBuffer.c:172:10:WiSafe_RadioCommsBufferRemainingSpace	8	static
WiSafe_RadioCommsBuffer.c:191:6:WiSafe_RadioCommsBufferRemove	16	static
WiSafe_RadioCommsBuffer.c:221:6:WiSafe_RadioCommsBufferContains	16	static
