WiSafe_DAL.c:39:13:WiSafe_DALIsPropertyPersistent	8	static
WiSafe_DAL.c:65:23:WiSafe_DALPropertyKind	8	static
WiSafe_DAL.c:82:16:EnsoDeviceFromWiSafeID	32	static
WiSafe_DAL.c:110:6:WiSafe_DALDeleteDevice	48	static
WiSafe_DAL.c:122:6:WiSafe_DALInit	0	static
WiSafe_DAL.c:130:6:WiSafe_DALClose	0	static
WiSafe_DAL.c:141:6:WiSafe_DALIsDeviceRegistered	40	static
WiSafe_DAL.c:155:17:WiSafe_DALRegisterDevice	184	static
WiSafe_DAL.c:257:13:LogSetOperation	96	static
WiSafe_DAL.c:298:24:SetPropertyHelper	104	static
WiSafe_DAL.c:363:24:SetPropertiesHelper	128	dynamic
WiSafe_DAL.c:425:17:WiSafe_DALCreateProperty	104	static
WiSafe_DAL.c:471:24:WiSafe_DALDeleteProperty	72	static
WiSafe_DAL.c:501:17:WiSafe_DALSetReportedProperty	48	static
WiSafe_DAL.c:523:17:WiSafe_DALSetReportedProperties	56	static
WiSafe_DAL.c:540:17:WiSafe_DALSetDesiredProperty	48	static
WiSafe_DAL.c:554:21:WiSafe_DALGetReportedProperty	56	static
WiSafe_DAL.c:571:21:WiSafe_DALGetDesiredProperty	56	static
WiSafe_DAL.c:587:6:WiSafe_DALGetDeviceIdForSID	848	static
WiSafe_DAL.c:622:17:WiSafe_DALDevicesEnumerate	832	static
WiSafe_DAL.c:659:17:WiSafe_DALSubscribeToDesiredProperty	48	static
WiSafe_DAL.c:683:17:WiSafe_DALIncrementReportedProperty	80	static
