THA_Api.c:162:17:THA_Init	48	static
THA_Api.c:196:17:THA_Start	8	static
THA_Api.c:225:24:_CreateBlobProperty	80	static
THA_Api.c:267:24:_SubscribeToProperty	48	static
THA_Api.c:303:24:_CreateBoolProperty	80	static
THA_Api.c:344:24:_CreateIntProperty	80	static
THA_Api.c:385:24:_CreateUIntProperty	80	static
THA_Api.c:427:24:_CreateFloatProperty	88	static
THA_Api.c:468:24:_CreateStringProperty	88	static
THA_Api.c:525:13:_MessageQueueListener	272	static
THA_Api.c:589:24:_PropertyUpdate	32	static
THA_Api.c:630:24:_TestHandlerUpdate	488	static
THA_Api.c:743:24:_DeviceUpdate	80	static
THA_Api.c:834:24:_CreateAreaInLocalShadow	32	static
THA_Api.c:886:24:_CreateControlProperty	32	static
THA_Api.c:912:34:_GenerateAgentID	0	static
THA_Api.c:933:13:_ProcessLocalDeviceUpdate	96	static
THA_Api.c:1003:13:_FindDeviceId	96	static
THA_Api.c:1073:6:_ScanHexValue	72	static
THA_Api.c:1146:24:_CreateDevice	248	dynamic
THA_Api.c:1297:24:_CreateProperties	592	static
THA_Api.c:1441:24:_CreateDefaultProperties	48	static
THA_Api.c:1486:13:_InterceptDelete	32	static
THA_Api.c:1516:13:_InterceptReservedProperty	40	static
THA_Api.c:1544:17:_GetRespondValueForDevice	32	static
THA_Api.c:1570:13:_GetOfflineValueForDevice	32	static
THA_Api.c:1595:13:_TimerCallbackUpdateProperty	464	static
