pk.h:170:36:mbedtls_pk_ec	16	static
iot_pkcs11_mbedtls.c:164:17:prvSessionPointerFromHandle	16	static
iot_pkcs11_mbedtls.c:254:7:prvMbedTLS_Initialize	24	static
iot_pkcs11_mbedtls.c:291:7:prvGetObjectClass	48	static
iot_pkcs11_mbedtls.c:328:6:prvFindObjectInListByLabel	32	static
iot_pkcs11_mbedtls.c:358:6:prvFindObjectInListByHandle	32	static
iot_pkcs11_mbedtls.c:388:7:prvDeleteObjectFromList	32	static
iot_pkcs11_mbedtls.c:435:7:prvAddObjectToList	48	static
iot_pkcs11_mbedtls.c:494:11:PKCS11_PAL_DestroyObject	72	static
iot_pkcs11_mbedtls.c:585:16:xIsObjectWithNoNvmStorage	32	static
iot_pkcs11_mbedtls.c:680:1:C_Finalize	24	static
iot_pkcs11_mbedtls.c:728:1:C_GetFunctionList	24	static
iot_pkcs11_mbedtls.c:760:1:C_GetSlotList	32	static
iot_pkcs11_mbedtls.c:814:1:C_GetTokenInfo	16	static
iot_pkcs11_mbedtls.c:835:1:C_InitToken	24	static
iot_pkcs11_mbedtls.c:869:1:C_OpenSession	40	static
iot_pkcs11_mbedtls.c:1006:1:C_CloseSession	24	static
iot_pkcs11_mbedtls.c:1061:1:C_Login	24	static
iot_pkcs11_mbedtls.c:1080:7:prvCreateCertificate	72	static
iot_pkcs11_mbedtls.c:1179:6:prvGetKeyType	40	static
iot_pkcs11_mbedtls.c:1201:6:prvGetLabel	40	static
iot_pkcs11_mbedtls.c:1226:7:prvGetExistingKeyComponent	56	static
iot_pkcs11_mbedtls.c:1285:7:prvCreateEcPrivateKey	72	static
iot_pkcs11_mbedtls.c:1382:7:prvCreateRsaPrivateKey	88	static
iot_pkcs11_mbedtls.c:1523:7:prvCreatePrivateKey	88	static
iot_pkcs11_mbedtls.c:1695:7:prvCreateECPublicKey	72	static
iot_pkcs11_mbedtls.c:1791:7:prvCreatePublicKey	72	static
iot_pkcs11_mbedtls.c:1964:1:C_CreateObject	40	static
iot_pkcs11_mbedtls.c:2025:1:C_DestroyObject	24	static
iot_pkcs11_mbedtls.c:2077:1:C_GetAttributeValue	112	static
iot_pkcs11_mbedtls.c:2340:1:C_FindObjectsInit	56	static
iot_pkcs11_mbedtls.c:2451:1:C_FindObjects	72	static
iot_pkcs11_mbedtls.c:2570:1:C_FindObjectsFinal	24	static
iot_pkcs11_mbedtls.c:2617:1:C_DigestInit	24	static
iot_pkcs11_mbedtls.c:2675:1:C_DigestUpdate	32	static
iot_pkcs11_mbedtls.c:2736:1:C_DigestFinal	32	static
iot_pkcs11_mbedtls.c:2811:1:C_SignInit	72	static
iot_pkcs11_mbedtls.c:2975:1:C_Sign	152	static
iot_pkcs11_mbedtls.c:3118:1:C_VerifyInit	72	static
iot_pkcs11_mbedtls.c:3271:1:C_Verify	72	static
iot_pkcs11_mbedtls.c:3407:7:prvCheckGenerateKeyPairPrivateTemplate	64	static
iot_pkcs11_mbedtls.c:3493:7:prvCheckGenerateKeyPairPublicTemplate	80	static
iot_pkcs11_mbedtls.c:3637:1:C_GenerateKeyPair	64	static
iot_pkcs11_mbedtls.c:3780:1:C_GenerateRandom	32	static
