iot_pkcs11_mbedtls.c:728:1:C_GetFunctionList	0	static
iot_pkcs11_mbedtls.c:814:1:C_GetTokenInfo	0	static
iot_pkcs11_mbedtls.c:835:1:C_InitToken	0	static
iot_pkcs11_mbedtls.c:1061:1:C_Login	0	static
iot_pkcs11_mbedtls.c:2570:1:C_FindObjectsFinal	8	static
iot_pkcs11_mbedtls.c:869:1:C_OpenSession	24	static
iot_pkcs11_mbedtls.c:2340:1:C_FindObjectsInit	24	static
iot_pkcs11_mbedtls.c:2617:1:C_DigestInit	16	static
iot_pkcs11_mbedtls.c:2675:1:C_DigestUpdate	8	static
iot_pkcs11_mbedtls.c:2736:1:C_DigestFinal	8	static
iot_pkcs11_mbedtls.c:2975:1:C_Sign	144	static
iot_pkcs11_mbedtls.c:3271:1:C_Verify	56	static
iot_pkcs11_mbedtls.c:760:1:C_GetSlotList	0	static
iot_pkcs11_mbedtls.c:680:1:C_Finalize	16	static
iot_pkcs11_mbedtls.c:3780:1:C_GenerateRandom	16	static
iot_pkcs11_mbedtls.c:1006:1:C_CloseSession	8	static
iot_pkcs11_mbedtls.c:2811:1:C_SignInit	48	static
iot_pkcs11_mbedtls.c:3118:1:C_VerifyInit	48	static
iot_pkcs11_mbedtls.c:2077:1:C_GetAttributeValue	88	static
iot_pkcs11_mbedtls.c:2451:1:C_FindObjects	64	static
iot_pkcs11_mbedtls.c:164:17:prvSessionPointerFromHandle	0	static
iot_pkcs11_mbedtls.c:254:7:prvMbedTLS_Initialize	16	static
iot_pkcs11_mbedtls.c:291:7:prvGetObjectClass	16	static
iot_pkcs11_mbedtls.c:328:6:prvFindObjectInListByLabel	32	static
iot_pkcs11_mbedtls.c:358:6:prvFindObjectInListByHandle	24	static
iot_pkcs11_mbedtls.c:388:7:prvDeleteObjectFromList	16	static
iot_pkcs11_mbedtls.c:435:7:prvAddObjectToList	32	static
iot_pkcs11_mbedtls.c:494:11:PKCS11_PAL_DestroyObject	56	static
iot_pkcs11_mbedtls.c:2025:1:C_DestroyObject	0	static
iot_pkcs11_mbedtls.c:585:16:xIsObjectWithNoNvmStorage	16	static
iot_pkcs11_mbedtls.c:1080:7:prvCreateCertificate	48	static
iot_pkcs11_mbedtls.c:1179:6:prvGetKeyType	12	static
iot_pkcs11_mbedtls.c:1201:6:prvGetLabel	8	static
iot_pkcs11_mbedtls.c:1226:7:prvGetExistingKeyComponent	48	static
iot_pkcs11_mbedtls.c:1285:7:prvCreateEcPrivateKey	64	static
iot_pkcs11_mbedtls.c:1382:7:prvCreateRsaPrivateKey	80	static
iot_pkcs11_mbedtls.c:1523:7:prvCreatePrivateKey	112	static
iot_pkcs11_mbedtls.c:1695:7:prvCreateECPublicKey	56	static
iot_pkcs11_mbedtls.c:1791:7:prvCreatePublicKey	80	static
iot_pkcs11_mbedtls.c:1964:1:C_CreateObject	32	static
iot_pkcs11_mbedtls.c:3407:7:prvCheckGenerateKeyPairPrivateTemplate	48	static
iot_pkcs11_mbedtls.c:3493:7:prvCheckGenerateKeyPairPublicTemplate	64	static
iot_pkcs11_mbedtls.c:3637:1:C_GenerateKeyPair	48	static
