fsl_clock.h:1034:20:CLOCK_ControlGate	32	static
fsl_clock.h:1051:20:CLOCK_EnableClock	16	static
fsl_clock.h:1061:20:CLOCK_DisableClock	16	static
fsl_common.h:487:28:DisableGlobalIRQ	8	static
fsl_common.h:518:24:EnableGlobalIRQ	16	static
fsl_dcp.c:97:13:dcp_reverse_and_copy	24	static
fsl_dcp.c:105:17:dcp_get_channel_status	24	static
fsl_dcp.c:145:13:dcp_clear_status	16	static
fsl_dcp.c:155:13:dcp_clear_channel_status	16	static
fsl_dcp.c:181:17:dcp_aes_set_sram_based_key	24	static
fsl_dcp.c:201:17:dcp_schedule_work	40	static
fsl_dcp.c:296:10:DCP_AES_SetKey	32	static
fsl_dcp.c:359:10:DCP_AES_EncryptEcb	72	static
fsl_dcp.c:392:10:DCP_AES_EncryptEcbNonBlocking	24	static
fsl_dcp.c:448:10:DCP_AES_DecryptEcb	72	static
fsl_dcp.c:481:10:DCP_AES_DecryptEcbNonBlocking	24	static
fsl_dcp.c:537:10:DCP_AES_EncryptCbc	80	static
fsl_dcp.c:575:10:DCP_AES_EncryptCbcNonBlocking	24	static
fsl_dcp.c:639:10:DCP_AES_DecryptCbc	80	static
fsl_dcp.c:677:10:DCP_AES_DecryptCbcNonBlocking	24	static
fsl_dcp.c:739:6:DCP_GetDefaultConfig	24	static
fsl_dcp.c:764:6:DCP_Init	16	static
fsl_dcp.c:795:6:DCP_Deinit	16	static
fsl_dcp.c:815:10:DCP_WaitForChannelComplete	16	static
fsl_dcp.c:841:17:dcp_hash_check_input_alg	8	static
fsl_dcp.c:861:17:dcp_hash_check_input_args	24	static
fsl_dcp.c:886:17:dcp_hash_check_context	16	static
fsl_dcp.c:903:17:dcp_hash_engine_init	16	static
fsl_dcp.c:918:17:dcp_hash_update_non_blocking	24	static
fsl_dcp.c:947:17:dcp_hash_update	72	static
fsl_dcp.c:976:17:dcp_hash_process_message_data	40	static
fsl_dcp.c:1028:17:dcp_hash_finalize	24	static
fsl_dcp.c:1038:13:dcp_hash_save_running_hash	24	static
fsl_dcp.c:1069:13:dcp_hash_restore_running_hash	24	static
fsl_dcp.c:1111:10:DCP_HASH_Init	40	static
fsl_dcp.c:1155:10:DCP_HASH_Update	40	static
fsl_dcp.c:1219:10:DCP_HASH_Finish	40	static
fsl_dcp.c:1319:10:DCP_HASH	264	static
