LSD_Api.c:57:17:LSD_Init	56	static
LSD_Api.c:100:21:LSD_GetTimeNow	32	static
LSD_Api.c:131:15:LSD_CreateEnsoObject	32	static
LSD_Api.c:150:17:LSD_DestroyEnsoDevice	64	static
LSD_Api.c:197:17:LSD_RegisterEnsoObject	48	static
LSD_Api.c:236:17:LSD_AnnounceEnsoObjects	40	static
LSD_Api.c:302:17:LSD_CreateProperty	56	static
LSD_Api.c:378:17:LSD_CreateProperties	160	static
LSD_Api.c:481:17:LSD_RestoreProperty	56	static
LSD_Api.c:537:17:LSD_RemovePropertyByAgentSideId	24	static
LSD_Api.c:565:17:LSD_RemovePropertyByCloudSideId	32	static
LSD_Api.c:595:17:LSD_SetDeviceStatus	40	static
LSD_Api.c:619:17:LSD_SetPropertyOutOfSync	32	static
LSD_Api.c:659:17:LSD_SetPropertyValueByAgentSideIdForObject	56	static
LSD_Api.c:717:17:LSD_GetObjectPropertyValueByAgentSideId	32	static
LSD_Api.c:795:17:LSD_GetObjectPropertyBufferByAgentSideId	40	static
LSD_Api.c:850:17:LSD_SubscribeToDevice	24	static
LSD_Api.c:897:17:LSD_SubscribeToDevicePropertyByAgentSideId	40	static
LSD_Api.c:946:15:LSD_FindEnsoObjectByDeviceId	24	static
LSD_Api.c:981:17:LSD_GetDevicesId	32	static
LSD_Api.c:1019:17:LSD_GetPropertyCloudNameFromAgentSideId	32	static
LSD_Api.c:1069:17:LSD_GetPropertyByCloudName	24	static
LSD_Api.c:1117:17:LSD_GetPropertyValueByCloudName	32	static
LSD_Api.c:1163:17:LSD_GetPropertyByAgentSideId	24	static
LSD_Api.c:1197:6:LSD_IsPropertyBufferedByAgentSideId	24	static
LSD_Api.c:1235:17:LSD_GetPropertyValueByAgentSideId	40	static
LSD_Api.c:1324:17:LSD_GetPropertyBufferByCloudName	40	static
LSD_Api.c:1397:17:LSD_GetPropertyBufferByAgentSideId	40	static
LSD_Api.c:1459:17:LSD_SetPropertyValueByCloudName	64	static
LSD_Api.c:1541:17:LSD_SetPropertyValueByCloudNameWithoutNotification	40	static
LSD_Api.c:1617:17:LSD_SetPropertyValueByAgentSideId	56	static
LSD_Api.c:1705:17:LSD_SetPropertyBufferByCloudName	64	static
LSD_Api.c:1789:17:LSD_SetPropertyBufferByAgentSideId	64	static
LSD_Api.c:1881:17:LSD_SetPropertiesOfDevice	40	static
LSD_Api.c:1941:24:prv_NotifyStorageOfPersistentProperty	96	static
LSD_Api.c:2013:13:_LSD_MessageQueueListener	264	static
