core_cm7.h:1902:22:__NVIC_EnableIRQ	8	static
core_cm7.h:2030:22:__NVIC_SetPriority	8	static
fsl_common.h:460:28:EnableIRQ	16	static
fsl_gpio.h:174:24:GPIO_PinRead	16	static
fsl_gpio.h:251:20:GPIO_PortEnableInterrupts	8	static
fsl_gpio.h:293:24:GPIO_PortGetInterruptFlags	8	static
fsl_gpio.h:316:20:GPIO_PortClearInterruptFlags	8	static
fsl_usdhc.h:824:20:USDHC_EnableInterruptStatus	8	static
fsl_usdhc.h:846:20:USDHC_EnableInterruptSignal	8	static
fsl_usdhc.h:857:20:USDHC_DisableInterruptSignal	8	static
fsl_usdhc.h:934:24:USDHC_GetPresentStatusFlags	8	static
fsl_usdhc.h:1084:20:USDHC_CardDetectByData3	8	static
fsl_usdhc.h:1101:20:USDHC_DetectCardInsert	8	static
fsl_usdhc.h:1208:20:UDSHC_SelectVoltage	8	static
fsl_sdmmc_host.c:90:13:SDMMCHOST_NofiyCardInsertStatus	16	static
fsl_sdmmc_host.c:110:13:SDMMCHOST_DetectCardInsertByHost	16	static
fsl_sdmmc_host.c:123:13:SDMMCHOST_DetectCardRemoveByHost	16	static
fsl_sdmmc_host.c:135:13:SDMMCHOST_CardInterrupt	16	static
fsl_sdmmc_host.c:145:13:SDMMCHOST_TransferCompleteCallback	24	static
fsl_sdmmc_host.c:159:13:SDMMCHOST_ReTuningCallback	16	static
fsl_sdmmc_host.c:165:17:SDMMCHOST_TransferFunction	32	static
fsl_sdmmc_host.c:211:6:SDMMCHOST_ErrorRecovery	24	static
fsl_sdmmc_host.c:230:17:SDMMCHOST_CardDetectInit	24	static
fsl_sdmmc_host.c:288:13:SDMMCHOST_CardDetectDeinit	8	static
fsl_sdmmc_host.c:294:6:SDMMCHOST_Delay	16	static
fsl_sdmmc_host.c:299:6:GPIO2_Combined_16_31_IRQHandler	8	static
fsl_sdmmc_host.c:311:10:SDMMCHOST_WaitCardDetectStatus	32	static
fsl_sdmmc_host.c:335:6:SDMMCHOST_IsCardPresent	0	static
fsl_sdmmc_host.c:340:6:SDMMCHOST_PowerOffCard	16	static
fsl_sdmmc_host.c:356:6:SDMMCHOST_PowerOnCard	16	static
fsl_sdmmc_host.c:373:10:SDMMCHOST_Init	64	static
fsl_sdmmc_host.c:419:6:SDMMCHOST_Reset	16	static
fsl_sdmmc_host.c:433:6:SDMMCHOST_Deinit	24	static
fsl_sdmmc_host.c:442:10:SDMMCHOST_ReceiveTuningBlock	96	static
