mpu_armv7.h:115:22:ARM_MPU_Enable	8	static
mpu_armv7.h:127:22:ARM_MPU_Disable	0	static
core_cm7.h:2218:22:SCB_EnableICache	0	static
core_cm7.h:2237:22:SCB_DisableICache	0	static
core_cm7.h:2270:22:SCB_EnableDCache	16	static
core_cm7.h:2308:22:SCB_DisableDCache	12	static
fsl_clock.h:987:24:CLOCK_GetMux	8	static
fsl_clock.h:1023:24:CLOCK_GetDiv	8	static
fsl_clock.h:1086:24:CLOCK_GetOscFreq	0	static
fsl_iomuxc.h:1122:20:IOMUXC_SetPinConfig	16	static
board.c:24:10:BOARD_DebugConsoleSrcFreq	16	static
board.c:43:6:BOARD_InitDebugConsole	16	static
board.c:286:6:BOARD_SD_Pin_Config	24	static
board.c:319:6:BOARD_MMC_Pin_Config	24	static
board.c:373:6:BOARD_ConfigMPU	8	static
