wwd_sdpcm.c:376:14:wwd_sdpcm_init	8	static
wwd_sdpcm.c:433:6:wwd_sdpcm_bus_vars_init	0	static
wwd_sdpcm.c:449:6:wwd_sdpcm_quit	16	static
wwd_sdpcm.c:488:14:wwd_sdpcm_send_iovar	32	static
wwd_sdpcm.c:511:6:wwd_network_send_ethernet_data	40	static
wwd_sdpcm.c:578:6:wwd_sdpcm_update_credit	24	static
wwd_sdpcm.c:616:6:wwd_sdpcm_process_rx_packet	80	static
wwd_sdpcm.c:871:13:wwd_sdpcm_notify_client_ioctl_finished	24	static
wwd_sdpcm.c:879:13:wwd_sdpcm_notify_client_ioctl_start	8	static
wwd_sdpcm.c:887:21:wwd_sdpcm_notify_client_ioctl_end_registered	0	static
wwd_sdpcm.c:892:14:wwd_sdpcm_register_fw_cmd_exit_hook	8	static
wwd_sdpcm.c:917:14:wwd_sdpcm_send_ioctl	192	static
wwd_sdpcm.c:1062:14:wwd_management_set_event_handler_locally	24	static
wwd_sdpcm.c:1116:17:wwd_management_alloc_event_msgs_buffer	48	static
wwd_sdpcm.c:1205:14:wwd_management_set_event_handler	48	static
wwd_sdpcm.c:1277:32:wwd_sdpcm_get_iovar_buffer	40	static
wwd_sdpcm.c:1305:32:wwd_sdpcm_get_ioctl_buffer	16	static
wwd_sdpcm.c:1318:14:wwd_sdpcm_has_tx_packet	0	static
wwd_sdpcm.c:1328:14:wwd_sdpcm_get_packet_to_send	24	static
wwd_sdpcm.c:1384:9:wwd_sdpcm_get_available_credits	0	static
wwd_sdpcm.c:1401:14:wwd_wifi_set_raw_packet_processor	8	static
wwd_sdpcm.c:1408:10:wwd_get_bss_index	8	static
wwd_sdpcm.c:1433:13:wwd_sdpcm_send_common	24	static
wwd_sdpcm.c:1485:23:wwd_sdpcm_get_next_buffer_in_queue	24	static
wwd_sdpcm.c:1501:13:wwd_sdpcm_set_next_buffer_in_queue	24	static
wwd_sdpcm.c:1527:16:wwd_map_dscp_to_priority	16	static
wwd_sdpcm.c:1534:24:wwd_wifi_get_source_interface	16	static
wwd_sdpcm.c:1545:6:wwd_update_host_interface_to_bss_index_mapping	8	static
