EFS_FileSystem.c:84:16:updateFile	32	static
EFS_FileSystem.c:105:16:getEmptySlot	8	static
EFS_FileSystem.c:121:17:getFileAddr	120	static
EFS_FileSystem.c:148:17:findEmptyBlock	112	static
EFS_FileSystem.c:180:6:EFS_Init	16	static
EFS_FileSystem.c:209:10:EFS_Open	64	static
EFS_FileSystem.c:294:9:EFS_Write	40	static
EFS_FileSystem.c:349:9:EFS_Read	40	static
EFS_FileSystem.c:390:9:EFS_Close	24	static
EFS_FileSystem.c:415:9:EFS_Rename	64	static
EFS_FileSystem.c:479:9:EFS_Remove	40	static
EFS_FileSystem.c:516:9:EFS_FileSize	136	static
EFS_FileSystem.c:557:6:EFS_FileExist	24	static
EFS_FileSystem.c:582:6:EFS_FormatDevice	24	static
EFS_FileSystem.c:606:6:EFS_List	136	static
