iot_linear_containers.h:303:20:IotLink_IsLinked	16	static
iot_linear_containers.h:330:20:IotListDouble_Create	16	static
iot_linear_containers.h:378:20:IotListDouble_IsEmpty	8	static
iot_linear_containers.h:473:20:IotListDouble_InsertTail	24	static
iot_linear_containers.h:584:20:IotListDouble_Remove	24	static
iot_linear_containers.h:609:27:IotListDouble_RemoveHead	24	static
aws_iot_network_manager.c:421:21:_wifiConnectAccessPoint	24	static
aws_iot_network_manager.c:462:17:_wifiEnable	16	static
aws_iot_network_manager.c:497:17:_wifiDisable	16	static
aws_iot_network_manager.c:530:13:_dispatchNetworkStateChangeCB	56	static
aws_iot_network_manager.c:591:13:_onNetworkStateChangeCallback	56	static
aws_iot_network_manager.c:662:13:_initializeTCPIPCredentials	0	static
aws_iot_network_manager.c:690:12:AwsIotNetworkManager_Init	16	static
aws_iot_network_manager.c:746:12:AwsIotNetworkManager_SubscribeForStateChange	40	static
aws_iot_network_manager.c:776:12:AwsIotNetworkManager_RemoveSubscription	32	static
aws_iot_network_manager.c:804:10:AwsIotNetworkManager_GetConfiguredNetworks	16	static
aws_iot_network_manager.c:819:10:AwsIotNetworkManager_GetEnabledNetworks	24	static
aws_iot_network_manager.c:840:10:AwsIotNetworkManager_GetConnectedNetworks	24	static
aws_iot_network_manager.c:861:10:AwsIotNetworkManager_EnableNetwork	24	static
aws_iot_network_manager.c:898:10:AwsIotNetworkManager_DisableNetwork	24	static
aws_iot_network_manager.c:932:31:AwsIotNetworkManager_GetNetworkInterface	24	static
aws_iot_network_manager.c:951:8:AwsIotNetworkManager_GetCredentials	24	static
aws_iot_network_manager.c:970:8:AwsIotNetworkManager_GetConnectionParams	24	static
