fsl_dcp.c:202:17:dcp_schedule_work	40	static
fsl_dcp.c:298:10:DCP_AES_SetKey	8	static
fsl_dcp.c:361:10:DCP_AES_EncryptEcb	72	static
fsl_dcp.c:394:10:DCP_AES_EncryptEcbNonBlocking	12	static
fsl_dcp.c:450:10:DCP_AES_DecryptEcb	72	static
fsl_dcp.c:483:10:DCP_AES_DecryptEcbNonBlocking	12	static
fsl_dcp.c:539:10:DCP_AES_EncryptCbc	72	static
fsl_dcp.c:577:10:DCP_AES_EncryptCbcNonBlocking	24	static
fsl_dcp.c:641:10:DCP_AES_DecryptCbc	72	static
fsl_dcp.c:679:10:DCP_AES_DecryptCbcNonBlocking	24	static
fsl_dcp.c:741:6:DCP_GetDefaultConfig	8	static
fsl_dcp.c:766:6:DCP_Init	12	static
fsl_dcp.c:798:6:DCP_Deinit	8	static
fsl_dcp.c:818:10:DCP_WaitForChannelComplete	0	static
fsl_dcp.c:844:17:dcp_hash_check_input_alg	0	static
fsl_dcp.c:864:17:dcp_hash_check_input_args	0	static
fsl_dcp.c:889:17:dcp_hash_check_context	0	static
fsl_dcp.c:906:17:dcp_hash_engine_init	0	static
fsl_dcp.c:921:17:dcp_hash_update_non_blocking	16	static
fsl_dcp.c:950:17:dcp_hash_update	64	static
fsl_dcp.c:979:17:dcp_hash_process_message_data	72	static
fsl_dcp.c:1031:17:dcp_hash_finalize	64	static
fsl_dcp.c:1041:13:dcp_hash_save_running_hash	0	static
fsl_dcp.c:1073:13:dcp_hash_restore_running_hash	0	static
fsl_dcp.c:1116:10:DCP_HASH_Init	8	static
fsl_dcp.c:1162:10:DCP_HASH_Update	24	static
fsl_dcp.c:1226:10:DCP_HASH_Finish	72	static
fsl_dcp.c:1328:10:DCP_HASH	304	static
fsl_common.h:528:28:DisableGlobalIRQ	0	static
fsl_common.h:559:24:EnableGlobalIRQ	0	static
fsl_clock.h:1042:20:CLOCK_ControlGate.part.1	8	static
