fsl_lpspi.h:497:20:LPSPI_Enable	8	static
fsl_lpspi.h:543:23:LPSPI_GetRxFifoSize	8	static
fsl_lpspi.h:563:24:LPSPI_GetRxFifoCount	8	static
fsl_lpspi.h:581:20:LPSPI_ClearStatusFlags	8	static
fsl_lpspi.h:623:20:LPSPI_DisableInterrupts	8	static
fsl_lpspi.h:648:20:LPSPI_EnableDMA	8	static
fsl_lpspi.h:664:20:LPSPI_DisableDMA	8	static
fsl_lpspi.h:679:24:LPSPI_GetTxRegisterAddress	8	static
fsl_lpspi.h:694:24:LPSPI_GetRxRegisterAddress	8	static
fsl_lpspi.h:749:20:LPSPI_FlushFifo	8	static
fsl_lpspi.h:765:20:LPSPI_SetFifoWatermarks	16	static
fsl_lpspi.h:924:24:LPSPI_ReadData	8	static
fsl_lpspi_edma.c:75:13:LPSPI_SeparateEdmaReadData	24	static
fsl_lpspi_edma.c:149:6:LPSPI_MasterTransferCreateHandleEDMA	32	static
fsl_lpspi_edma.c:192:10:LPSPI_MasterTransferEDMA	128	static
fsl_lpspi_edma.c:559:13:EDMA_LpspiMasterCallback	40	static
fsl_lpspi_edma.c:610:6:LPSPI_MasterTransferAbortEDMA	16	static
fsl_lpspi_edma.c:632:10:LPSPI_MasterTransferGetCountEDMA	32	static
fsl_lpspi_edma.c:679:6:LPSPI_SlaveTransferCreateHandleEDMA	32	static
fsl_lpspi_edma.c:722:10:LPSPI_SlaveTransferEDMA	128	static
fsl_lpspi_edma.c:1056:13:EDMA_LpspiSlaveCallback	40	static
fsl_lpspi_edma.c:1107:6:LPSPI_SlaveTransferAbortEDMA	16	static
fsl_lpspi_edma.c:1129:10:LPSPI_SlaveTransferGetCountEDMA	32	static
