fsl_clock.h:1042:20:CLOCK_ControlGate.part.0	8	static
fsl_flexio.c:52:10:FLEXIO_GetInstance.part.1	8	static
fsl_flexio.c:52:10:FLEXIO_GetInstance	8	static
fsl_flexio.c:88:6:FLEXIO_Init	24	static
fsl_flexio.c:117:6:FLEXIO_Deinit	8	static
fsl_flexio.c:137:6:FLEXIO_GetDefaultConfig	8	static
fsl_flexio.c:155:6:FLEXIO_Reset	0	static
fsl_flexio.c:170:10:FLEXIO_GetShifterBufferAddress	8	static
fsl_flexio.c:244:6:FLEXIO_SetShifterConfig	16	static
fsl_flexio.c:289:6:FLEXIO_SetTimerConfig	16	static
fsl_flexio.c:315:10:FLEXIO_RegisterHandleIRQ	16	static
fsl_flexio.c:353:10:FLEXIO_UnregisterHandleIRQ	8	static
fsl_flexio.c:382:6:FLEXIO_CommonIRQHandler	8	static
fsl_flexio.c:400:6:FLEXIO_DriverIRQHandler	8	static
fsl_flexio.c:405:6:FLEXIO0_DriverIRQHandler	8	static
fsl_flexio.c:410:6:FLEXIO1_DriverIRQHandler	8	static
fsl_flexio.c:415:6:UART2_FLEXIO_DriverIRQHandler	8	static
fsl_flexio.c:420:6:FLEXIO2_DriverIRQHandler	8	static
fsl_flexio.c:425:6:FLEXIO3_DriverIRQHandler	8	static
