fsl_clock.h:1042:20:CLOCK_ControlGate	32	static
fsl_clock.h:1059:20:CLOCK_EnableClock	16	static
fsl_clock.h:1069:20:CLOCK_DisableClock	16	static
fsl_flexio.h:375:20:FLEXIO_Enable	16	static
fsl_flexio.c:52:10:FLEXIO_GetInstance	24	static
fsl_flexio.c:88:6:FLEXIO_Init	24	static
fsl_flexio.c:117:6:FLEXIO_Deinit	16	static
fsl_flexio.c:137:6:FLEXIO_GetDefaultConfig	16	static
fsl_flexio.c:155:6:FLEXIO_Reset	16	static
fsl_flexio.c:170:10:FLEXIO_GetShifterBufferAddress	24	static
fsl_flexio.c:244:6:FLEXIO_SetShifterConfig	24	static
fsl_flexio.c:289:6:FLEXIO_SetTimerConfig	24	static
fsl_flexio.c:315:10:FLEXIO_RegisterHandleIRQ	32	static
fsl_flexio.c:353:10:FLEXIO_UnregisterHandleIRQ	24	static
fsl_flexio.c:382:6:FLEXIO_CommonIRQHandler	16	static
fsl_flexio.c:400:6:FLEXIO_DriverIRQHandler	8	static
fsl_flexio.c:405:6:FLEXIO0_DriverIRQHandler	8	static
fsl_flexio.c:410:6:FLEXIO1_DriverIRQHandler	8	static
fsl_flexio.c:415:6:UART2_FLEXIO_DriverIRQHandler	8	static
fsl_flexio.c:420:6:FLEXIO2_DriverIRQHandler	8	static
fsl_flexio.c:425:6:FLEXIO3_DriverIRQHandler	8	static
