fsl_clock.h:1042:20:CLOCK_ControlGate.part.1	8	static
fsl_enet.c:3132:6:ENET_TransmitIRQHandler	24	static
fsl_enet.c:3198:6:ENET_ReceiveIRQHandler	24	static
fsl_enet.c:3243:6:ENET_ErrorIRQHandler	16	static
fsl_enet.c:310:10:ENET_GetInstance.part.9	8	static
fsl_enet.c:310:10:ENET_GetInstance	8	static
fsl_enet.c:342:6:ENET_GetDefaultConfig	8	static
fsl_enet.c:392:6:ENET_Init	48	static
fsl_enet.c:435:6:ENET_Deinit	8	static
fsl_enet.c:458:6:ENET_SetCallback	8	static
fsl_enet.c:940:6:ENET_SetMII	4	static
fsl_enet.c:993:6:ENET_SetMacAddr	0	static
fsl_enet.c:1013:6:ENET_GetMacAddr	8	static
fsl_enet.c:1041:6:ENET_SetSMI	16	static
fsl_enet.c:1070:6:ENET_StartSMIWrite	8	static
fsl_enet.c:1090:6:ENET_StartSMIRead	4	static
fsl_enet.c:1110:6:ENET_StartExtC45SMIWrite	8	static
fsl_enet.c:1138:6:ENET_StartExtC45SMIRead	4	static
fsl_enet.c:1176:6:ENET_GetRxErrBeforeReadFrame	8	static
fsl_enet.c:1267:10:ENET_GetRxFrameSize	16	static
fsl_enet.c:1376:10:ENET_ReadFrame	32	static
fsl_enet.c:1555:10:ENET_SendFrame	40	static
fsl_enet.c:2220:6:ENET_AddMulticastGroup	24	static
fsl_enet.c:2269:6:ENET_LeaveMulticastGroup	24	static
fsl_enet.c:3349:6:ENET_CommonFrame0IRQHandler	8	static
fsl_enet.c:3446:6:ENET_Transmit_IRQHandler	0	static
fsl_enet.c:3456:6:ENET_Receive_IRQHandler	0	static
fsl_enet.c:3466:6:ENET_Error_IRQHandler	0	static
fsl_enet.c:3476:6:ENET_1588_Timer_IRQHandler	0	static
fsl_enet.c:3486:6:ENET_DriverIRQHandler	8	static
