fsl_clock.h:1042:20:CLOCK_ControlGate.part.0	8	static
fsl_lpuart.c:189:13:LPUART_ReadNonBlocking.part.1	8	static
fsl_lpuart.c:113:10:LPUART_GetInstance.part.2	8	static
fsl_lpuart.c:158:13:LPUART_TransferIsRxRingBufferFull.isra.4.part.5	8	static
fsl_lpuart.c:1385:6:LPUART_TransferHandleIRQ	32	static
fsl_lpuart.c:113:10:LPUART_GetInstance	8	static
fsl_lpuart.c:137:8:LPUART_TransferGetRxRingBufferLength	8	static
fsl_lpuart.c:243:10:LPUART_Init	40	static
fsl_lpuart.c:455:6:LPUART_Deinit	8	static
fsl_lpuart.c:519:6:LPUART_GetDefaultConfig	8	static
fsl_lpuart.c:564:10:LPUART_SetBaudRate	32	static
fsl_lpuart.c:657:6:LPUART_EnableInterrupts	8	static
fsl_lpuart.c:681:6:LPUART_DisableInterrupts	8	static
fsl_lpuart.c:712:10:LPUART_GetEnabledInterrupts	0	static
fsl_lpuart.c:741:10:LPUART_GetStatusFlags	0	static
fsl_lpuart.c:772:10:LPUART_ClearStatusFlags	12	static
fsl_lpuart.c:823:6:LPUART_WriteBlocking	8	static
fsl_lpuart.c:860:10:LPUART_ReadBlocking	16	static
fsl_lpuart.c:965:6:LPUART_TransferCreateHandle	24	static
fsl_lpuart.c:1030:6:LPUART_TransferStartRingBuffer	8	static
fsl_lpuart.c:1057:6:LPUART_TransferStopRingBuffer	8	static
fsl_lpuart.c:1092:10:LPUART_TransferSendNonBlocking	16	static
fsl_lpuart.c:1131:6:LPUART_TransferAbortSend	8	static
fsl_lpuart.c:1155:10:LPUART_TransferGetSendCount	8	static
fsl_lpuart.c:1201:10:LPUART_TransferReceiveNonBlocking	24	static
fsl_lpuart.c:1328:6:LPUART_TransferAbortReceive	8	static
fsl_lpuart.c:1357:10:LPUART_TransferGetReceiveCount	8	static
fsl_lpuart.c:1621:6:LPUART_TransferHandleErrorIRQ	0	static
fsl_lpuart.c:1779:6:LPUART1_DriverIRQHandler	0	static
fsl_lpuart.c:1813:6:LPUART2_DriverIRQHandler	0	static
fsl_lpuart.c:1846:6:LPUART3_DriverIRQHandler	0	static
fsl_lpuart.c:1879:6:LPUART4_DriverIRQHandler	0	static
fsl_lpuart.c:1912:6:LPUART5_DriverIRQHandler	0	static
fsl_lpuart.c:1945:6:LPUART6_DriverIRQHandler	0	static
fsl_lpuart.c:1978:6:LPUART7_DriverIRQHandler	0	static
fsl_lpuart.c:2011:6:LPUART8_DriverIRQHandler	0	static
