fsl_flexspi.c:123:10:FLEXSPI_GetInstance.part.0	8	static
fsl_flexspi.c:196:10:FLEXSPI_CheckAndClearError.part.1	8	static
fsl_flexspi.c:917:6:FLEXSPI_TransferAbort.part.2	8	static
fsl_flexspi.c:931:6:FLEXSPI_TransferHandleIRQ	24	static
fsl_flexspi.c:123:10:FLEXSPI_GetInstance	8	static
fsl_flexspi.c:196:10:FLEXSPI_CheckAndClearError	8	static
fsl_flexspi.c:242:6:FLEXSPI_Init	24	static
fsl_flexspi.c:335:6:FLEXSPI_GetDefaultConfig	16	static
fsl_flexspi.c:379:6:FLEXSPI_Deinit	0	static
fsl_flexspi.c:396:6:FLEXSPI_SetFlashConfig	20	static
fsl_flexspi.c:498:6:FLEXSPI_UpdateLUT	16	static
fsl_flexspi.c:530:6:FLEXSPI_UpdateRxSampleClock	0	static
fsl_flexspi.c:559:10:FLEXSPI_WriteBlocking	24	static
fsl_flexspi.c:618:10:FLEXSPI_ReadBlocking	24	static
fsl_flexspi.c:705:10:FLEXSPI_TransferBlocking	24	static
fsl_flexspi.c:772:6:FLEXSPI_TransferCreateHandle	24	static
fsl_flexspi.c:813:10:FLEXSPI_TransferNonBlocking	24	static
fsl_flexspi.c:890:10:FLEXSPI_TransferGetCount	8	static
fsl_flexspi.c:917:6:FLEXSPI_TransferAbort	8	static
fsl_flexspi.c:1042:6:FLEXSPI_DriverIRQHandler	0	static
