fsl_clock.c:853:10:CLOCK_GetPllFreq.constprop	16	static
fsl_clock.c:79:17:CLOCK_GetPeriphClkFreq	8	static
fsl_clock.c:159:6:CLOCK_InitExternalClk	8	static
fsl_clock.c:183:6:CLOCK_DeinitExternalClk	0	static
fsl_clock.c:195:6:CLOCK_SwitchOsc	0	static
fsl_clock.c:210:6:CLOCK_InitRcOsc24M	0	static
fsl_clock.c:218:6:CLOCK_DeinitRcOsc24M	0	static
fsl_clock.c:228:10:CLOCK_GetAhbFreq	8	static
fsl_clock.c:238:10:CLOCK_GetSemcFreq	8	static
fsl_clock.c:272:10:CLOCK_GetIpgFreq	8	static
fsl_clock.c:277:10:CLOCK_GetPerClkFreq	8	static
fsl_clock.c:402:6:CLOCK_EnableUsbhs0Clock	4	static
fsl_clock.c:429:6:CLOCK_EnableUsbhs1Clock	4	static
fsl_clock.c:454:6:CLOCK_EnableUsbhs0PhyPllClock	0	static
fsl_clock.c:478:6:CLOCK_DisableUsbhs0PhyPllClock	0	static
fsl_clock.c:491:6:CLOCK_InitArmPll	8	static
fsl_clock.c:512:6:CLOCK_DeinitArmPll	0	static
fsl_clock.c:524:6:CLOCK_InitSysPll	12	static
fsl_clock.c:554:6:CLOCK_DeinitSysPll	0	static
fsl_clock.c:566:6:CLOCK_InitUsb1Pll	8	static
fsl_clock.c:587:6:CLOCK_DeinitUsb1Pll	0	static
fsl_clock.c:599:6:CLOCK_InitUsb2Pll	8	static
fsl_clock.c:620:6:CLOCK_DeinitUsb2Pll	0	static
fsl_clock.c:632:6:CLOCK_InitAudioPll	8	static
fsl_clock.c:707:6:CLOCK_DeinitAudioPll	0	static
fsl_clock.c:719:6:CLOCK_InitVideoPll	4	static
fsl_clock.c:793:6:CLOCK_DeinitVideoPll	0	static
fsl_clock.c:805:6:CLOCK_InitEnetPll	8	static
fsl_clock.c:840:6:CLOCK_DeinitEnetPll	0	static
fsl_clock.c:853:10:CLOCK_GetPllFreq	40	static
fsl_clock.c:306:10:CLOCK_GetFreq	24	static
fsl_clock.c:1071:6:CLOCK_InitSysPfd	8	static
fsl_clock.c:1094:6:CLOCK_DeinitSysPfd	0	static
fsl_clock.c:1109:6:CLOCK_InitUsb1Pfd	8	static
fsl_clock.c:1132:6:CLOCK_DeinitUsb1Pfd	0	static
fsl_clock.c:1145:10:CLOCK_GetSysPfdFreq	8	static
fsl_clock.c:1184:10:CLOCK_GetUsb1PfdFreq	0	static
fsl_clock.c:1224:6:CLOCK_EnableUsbhs1PhyPllClock	4	static
fsl_clock.c:1242:6:CLOCK_DisableUsbhs1PhyPllClock	0	static
