fsl_flexio_uart.c:827:6:FLEXIO_UART_TransferHandleIRQ	32	static
fsl_flexio_uart.c:124:10:FLEXIO_UART_Init	96	static
fsl_flexio_uart.c:244:6:FLEXIO_UART_Deinit	16	static
fsl_flexio_uart.c:274:6:FLEXIO_UART_GetDefaultConfig	8	static
fsl_flexio_uart.c:299:6:FLEXIO_UART_EnableInterrupts	8	static
fsl_flexio_uart.c:319:6:FLEXIO_UART_DisableInterrupts	8	static
fsl_flexio_uart.c:338:10:FLEXIO_UART_GetStatusFlags	16	static
fsl_flexio_uart.c:363:6:FLEXIO_UART_ClearStatusFlags	4	static
fsl_flexio_uart.c:388:6:FLEXIO_UART_WriteBlocking	16	static
fsl_flexio_uart.c:413:6:FLEXIO_UART_ReadBlocking	32	static
fsl_flexio_uart.c:449:10:FLEXIO_UART_TransferCreateHandle	32	static
fsl_flexio_uart.c:493:6:FLEXIO_UART_TransferStartRingBuffer	8	static
fsl_flexio_uart.c:521:6:FLEXIO_UART_TransferStopRingBuffer	8	static
fsl_flexio_uart.c:553:10:FLEXIO_UART_TransferSendNonBlocking	4	static
fsl_flexio_uart.c:595:6:FLEXIO_UART_TransferAbortSend	8	static
fsl_flexio_uart.c:615:10:FLEXIO_UART_TransferGetSendCount	8	static
fsl_flexio_uart.c:655:10:FLEXIO_UART_TransferReceiveNonBlocking	32	static
fsl_flexio_uart.c:780:6:FLEXIO_UART_TransferAbortReceive	4	static
fsl_flexio_uart.c:804:10:FLEXIO_UART_TransferGetReceiveCount	8	static
