fsl_dcdc.c:40:17:DCDC_GetInstance.part.0	8	static
fsl_clock.h:1042:20:CLOCK_ControlGate.part.1	8	static
fsl_dcdc.c:63:6:DCDC_Init	8	static
fsl_dcdc.c:76:6:DCDC_Deinit	8	static
fsl_dcdc.c:90:6:DCDC_SetClockSource	8	static
fsl_dcdc.c:135:6:DCDC_GetDefaultDetectionConfig	8	static
fsl_dcdc.c:158:6:DCDC_SetDetectionConfig	16	static
fsl_dcdc.c:212:6:DCDC_GetDefaultLowPowerConfig	8	static
fsl_dcdc.c:231:6:DCDC_SetLowPowerConfig	16	static
fsl_dcdc.c:258:10:DCDC_GetstatusFlags	0	static
fsl_dcdc.c:276:6:DCDC_ResetCurrentAlertSignal	0	static
fsl_dcdc.c:306:6:DCDC_GetDefaultLoopControlConfig	8	static
fsl_dcdc.c:329:6:DCDC_SetLoopControlConfig	16	static
fsl_dcdc.c:372:6:DCDC_SetMinPowerConfig	8	static
fsl_dcdc.c:400:6:DCDC_AdjustTargetVoltage	4	static
fsl_dcdc.c:431:6:DCDC_AdjustRunTargetVoltage	0	static
fsl_dcdc.c:462:6:DCDC_AdjustLowPowerTargetVoltage	0	static
fsl_dcdc.c:488:6:DCDC_SetInternalRegulatorConfig	8	static
fsl_dcdc.c:514:6:DCDC_BootIntoDCM	4	static
fsl_dcdc.c:530:6:DCDC_BootIntoCCM	0	static
