fsl_lpspi.c:1852:17:LPSPI_CombineWriteData	8	static
fsl_clock.h:1042:20:CLOCK_ControlGate.part.2	8	static
fsl_lpspi.c:1197:13:LPSPI_MasterTransferComplete.part.3	8	static
fsl_lpspi.c:1628:13:LPSPI_SlaveTransferComplete.part.5	8	static
fsl_lpspi.c:145:10:LPSPI_GetInstance.part.6	8	static
fsl_lpspi.c:524:6:LPSPI_MasterSetDelayScaler.part.8	8	static
fsl_lpspi.c:725:6:LPSPI_CheckTransferArgument.part.9	8	static
fsl_lpspi.c:1726:6:LPSPI_SlaveTransferHandleIRQ	24	static
fsl_lpspi.c:1129:13:LPSPI_MasterTransferFillUpTxFifo	24	static
fsl_lpspi.c:1284:6:LPSPI_MasterTransferHandleIRQ	24	static
fsl_lpspi.c:145:10:LPSPI_GetInstance	8	static
fsl_lpspi.c:173:6:LPSPI_SetDummyData	8	static
fsl_lpspi.c:249:6:LPSPI_MasterGetDefaultConfig	8	static
fsl_lpspi.c:279:6:LPSPI_SlaveInit	24	static
fsl_lpspi.c:326:6:LPSPI_SlaveGetDefaultConfig	8	static
fsl_lpspi.c:351:6:LPSPI_Reset	0	static
fsl_lpspi.c:367:6:LPSPI_Deinit	8	static
fsl_lpspi.c:420:10:LPSPI_MasterSetBaudRate	40	static
fsl_lpspi.c:186:6:LPSPI_MasterInit	40	static
fsl_lpspi.c:524:6:LPSPI_MasterSetDelayScaler	8	static
fsl_lpspi.c:575:10:LPSPI_MasterSetDelayTimes	32	static
fsl_lpspi.c:698:6:LPSPI_MasterTransferCreateHandle	24	static
fsl_lpspi.c:725:6:LPSPI_CheckTransferArgument	8	static
fsl_lpspi.c:791:10:LPSPI_MasterTransferBlocking	56	static
fsl_lpspi.c:977:10:LPSPI_MasterTransferNonBlocking	32	static
fsl_lpspi.c:1222:10:LPSPI_MasterTransferGetCount	8	static
fsl_lpspi.c:1262:6:LPSPI_MasterTransferAbort	8	static
fsl_lpspi.c:1397:6:LPSPI_SlaveTransferCreateHandle	24	static
fsl_lpspi.c:1434:10:LPSPI_SlaveTransferNonBlocking	24	static
fsl_lpspi.c:1664:10:LPSPI_SlaveTransferGetCount	8	static
fsl_lpspi.c:1704:6:LPSPI_SlaveTransferAbort	8	static
fsl_lpspi.c:2042:6:LPSPI1_DriverIRQHandler	8	static
fsl_lpspi.c:2050:6:LPSPI2_DriverIRQHandler	8	static
fsl_lpspi.c:2058:6:LPSPI3_DriverIRQHandler	8	static
fsl_lpspi.c:2066:6:LPSPI4_DriverIRQHandler	8	static
