iot_serializer_json_encoder.c:542:13:_destroy	8	static
iot_serializer_json_encoder.c:507:29:_init	24	static
iot_serializer_json_encoder.c:640:29:_closeContainer	16	static
iot_serializer_json_encoder.c:753:15:_getEncodedSize	0	static
iot_serializer_json_encoder.c:774:15:_getExtraBufferSizeNeeded	0	static
iot_serializer_json_encoder.c:429:13:_appendData	40	static
iot_serializer_json_encoder.c:596:29:_openContainerWithKey	32	static
iot_serializer_json_encoder.c:554:29:_openContainer	24	static
iot_serializer_json_encoder.c:713:29:_appendKeyValue	48	static
iot_serializer_json_encoder.c:675:29:_append	32	static
