iot_serializer_json_decoder.c:199:13:parseContainer	32	static
iot_serializer_json_decoder.c:690:13:_isEndOfContainer	0	static
iot_serializer_json_decoder.c:780:29:_stepOut	16	static
iot_serializer_json_decoder.c:281:29:parseTokenValue	48	static
iot_serializer_json_decoder.c:813:13:_destroy	8	static
iot_serializer_json_decoder.c:542:29:_init	24	static
iot_serializer_json_decoder.c:707:29:_get	24	static
iot_serializer_json_decoder.c:610:29:_stepIn	24	static
iot_serializer_json_decoder.c:584:29:_find	80	static
iot_serializer_json_decoder.c:746:29:_next	32	static
