core_cm7.h:2030:22:__NVIC_SetPriority	8	static
fsl_clock.h:1031:24:CLOCK_GetDiv	8	static
fsl_usdhc.h:824:20:USDHC_EnableInterruptStatus	8	static
fsl_usdhc.h:835:20:USDHC_DisableInterruptStatus	8	static
fsl_usdhc.h:846:20:USDHC_EnableInterruptSignal	8	static
fsl_usdhc.h:857:20:USDHC_DisableInterruptSignal	8	static
fsl_usdhc.h:899:20:USDHC_ClearInterruptStatusFlags	8	static
fsl_usdhc.h:1020:20:USDHC_SetDataBusWidth	8	static
wwd_SDIO.c:175:13:BOARD_PowerOnSDIOCARD	8	static
wwd_SDIO.c:180:13:SDIOCARD_DetectCallBack	8	static
wwd_SDIO.c:185:13:BOARD_USDHCClockConfiguration	0	static
wwd_SDIO.c:196:13:BOARD_PowerOffSDIOCARD	0	static
wwd_SDIO.c:211:14:host_enable_oob_interrupt	0	static
wwd_SDIO.c:221:14:host_platform_unmask_sdio_interrupt	8	static
wwd_SDIO.c:232:9:host_platform_get_oob_interrupt_pin	0	static
wwd_SDIO.c:239:14:host_platform_bus_init	16	static
wwd_SDIO.c:296:14:host_platform_sdio_enumerate	56	static
wwd_SDIO.c:364:14:host_platform_bus_deinit	0	static
wwd_SDIO.c:369:14:host_platform_sdio_transfer	88	static
wwd_SDIO.c:439:14:host_platform_enable_high_speed_sdio	16	static
wwd_SDIO.c:484:26:find_optimal_block_size	8	static
wwd_SDIO.c:506:14:host_platform_bus_enable_interrupt	8	static
wwd_SDIO.c:512:14:host_platform_bus_disable_interrupt	8	static
wwd_SDIO.c:518:6:host_platform_bus_buffer_freed	8	static
wwd_SDIO.c:526:7:host_platform_sdio_irq_callback	16	static
