sl_wfx_constants.h:135:24:uint16_identity	8	static
sl_wfx_constants.h:140:24:uint32_identity	8	static
sl_wfx.c:85:13:sl_wfx_init	40	static
sl_wfx.c:256:13:sl_wfx_deinit	16	static
sl_wfx.c:288:13:sl_wfx_set_mac_address	32	static
sl_wfx.c:317:13:sl_wfx_send_join_command	48	static
sl_wfx.c:383:13:sl_wfx_send_disconnect_command	16	static
sl_wfx.c:413:13:sl_wfx_start_ap_command	48	static
sl_wfx.c:486:13:sl_wfx_update_ap_command	48	static
sl_wfx.c:534:13:sl_wfx_stop_ap_command	16	static
sl_wfx.c:551:13:sl_wfx_send_ethernet_frame	32	static
sl_wfx.c:595:13:sl_wfx_send_scan_command	56	static
sl_wfx.c:677:13:sl_wfx_send_stop_scan_command	16	static
sl_wfx.c:696:13:sl_wfx_join_ibss_command	144	static
sl_wfx.c:721:13:sl_wfx_leave_ibss_command	16	static
sl_wfx.c:735:13:sl_wfx_get_signal_strength	32	static
sl_wfx.c:761:13:sl_wfx_disconnect_ap_client_command	32	static
sl_wfx.c:785:13:sl_wfx_set_power_mode	32	static
sl_wfx.c:804:13:sl_wfx_add_multicast_address	32	static
sl_wfx.c:822:13:sl_wfx_remove_multicast_address	32	static
sl_wfx.c:838:13:sl_wfx_set_arp_ip_address	40	static
sl_wfx.c:859:13:sl_wfx_set_ns_ip_address	64	static
sl_wfx.c:879:13:sl_wfx_set_broadcast_filter	32	static
sl_wfx.c:894:13:sl_wfx_set_unicast_filter	32	static
sl_wfx.c:910:13:sl_wfx_add_whitelist_address	32	static
sl_wfx.c:926:13:sl_wfx_add_blacklist_address	32	static
sl_wfx.c:946:13:sl_wfx_set_max_ap_client	32	static
sl_wfx.c:965:13:sl_wfx_set_max_ap_client_inactivity	32	static
sl_wfx.c:988:13:sl_wfx_set_scan_parameters	32	static
sl_wfx.c:1016:13:sl_wfx_set_roam_parameters	40	static
sl_wfx.c:1070:13:sl_wfx_set_tx_rate_parameters	32	static
sl_wfx.c:1089:13:sl_wfx_set_max_tx_power	32	static
sl_wfx.c:1110:13:sl_wfx_get_max_tx_power	40	static
sl_wfx.c:1139:13:sl_wfx_get_pmk	40	static
sl_wfx.c:1167:13:sl_wfx_get_ap_client_signal_strength	40	static
sl_wfx.c:1206:13:sl_wfx_send_configuration	40	static
sl_wfx.c:1253:13:sl_wfx_control_gpio	40	static
sl_wfx.c:1307:13:sl_wfx_pta_settings	48	static
sl_wfx.c:1363:13:sl_wfx_pta_priority	32	static
sl_wfx.c:1384:13:sl_wfx_pta_state	32	static
sl_wfx.c:1402:13:sl_wfx_prevent_rollback	32	static
sl_wfx.c:1420:13:sl_wfx_shutdown	16	static
sl_wfx.c:1468:13:sl_wfx_send_command	40	static
sl_wfx.c:1520:13:sl_wfx_send_request	24	static
sl_wfx.c:1611:13:sl_wfx_receive_frame	40	static
sl_wfx.c:1745:13:sl_wfx_enable_irq	16	static
sl_wfx.c:1772:13:sl_wfx_disable_irq	16	static
sl_wfx.c:1798:13:sl_wfx_set_access_mode_message	16	static
sl_wfx.c:1820:13:sl_wfx_set_wake_up_bit	24	static
sl_wfx.c:1849:13:sl_wfx_enable_device_power_save	16	static
sl_wfx.c:1883:13:sl_wfx_disable_device_power_save	16	static
sl_wfx.c:1921:20:sl_wfx_init_chip	24	static
sl_wfx.c:1983:20:sl_wfx_download_run_bootloader	16	static
sl_wfx.c:2022:20:sl_wfx_download_run_firmware	56	static
sl_wfx.c:2190:20:sl_wfx_poll_for_value	32	static
sl_wfx.c:2220:20:sl_wfx_compare_keysets	24	static
sl_wfx.c:2250:13:sl_wfx_set_antenna_config	56	static
sl_wfx.c:2279:13:sl_wfx_get_hardware_revision_and_type	24	static
sl_wfx.c:2297:13:sl_wfx_get_opn	16	static
sl_wfx.c:2316:13:sl_wfx_get_status_code	16	static
sl_wfx.c:2414:13:sl_wfx_allocate_command_buffer	32	static
sl_wfx.c:2462:13:sl_wfx_free_command_buffer	24	static
