mflash_drv.c:348:16:mflash_drv_write_page_internal	32	static
mflash_drv.c:416:9:mflash_drv_write_page	24	static
mflash_drv.c:435:9:mflash_drv_erase_sector	48	static
fsl_flexspi.h:387:20:FLEXSPI_SoftwareReset	0	static
fsl_flexspi.h:401:20:FLEXSPI_Enable	0	static
mflash_drv.h:27:24:mflash_drv_is_page_aligned	0	static
mflash_drv.c:307:17:flexspi_nor_flash_page_program	56	static
fsl_clock.h:1042:20:CLOCK_ControlGate.part.0	8	static
fsl_clock.h:1069:20:CLOCK_DisableClock	8	static
fsl_clock.h:1059:20:CLOCK_EnableClock	8	static
mflash_drv.c:184:9:mflash_drv_init	72	static
