fsl_clock.h:1042:20:CLOCK_ControlGate	32	static
fsl_clock.h:1059:20:CLOCK_EnableClock	16	static
fsl_clock.h:1069:20:CLOCK_DisableClock	16	static
fsl_flexspi.h:387:20:FLEXSPI_SoftwareReset	8	static
fsl_flexspi.h:401:20:FLEXSPI_Enable	8	static
mflash_drv.h:27:24:mflash_drv_is_page_aligned	8	static
mflash_drv.h:32:24:mflash_drv_is_sector_aligned	8	static
mflash_drv.c:139:16:mflash_drv_init_internal	8	static
mflash_drv.c:184:9:mflash_drv_init	16	static
mflash_drv.c:193:17:flexspi_nor_wait_bus_busy	48	static
mflash_drv.c:237:17:flexspi_nor_write_enable	40	static
mflash_drv.c:254:17:flexspi_nor_flash_erase_sector	40	static
mflash_drv.c:285:16:mflash_drv_erase_sector_internal	24	static
mflash_drv.c:307:17:flexspi_nor_flash_page_program	48	static
mflash_drv.c:348:16:mflash_drv_write_page_internal	32	static
mflash_drv.c:416:9:mflash_drv_write_page	24	static
mflash_drv.c:435:9:mflash_drv_erase_sector	24	static
