bignum.c:76:13:mbedtls_mpi_zeroize	16	static
bignum.c:84:6:mbedtls_mpi_init	8	static
bignum.c:97:6:mbedtls_mpi_free	16	static
bignum.c:116:5:mbedtls_mpi_grow	24	static
bignum.c:146:5:mbedtls_mpi_shrink	24	static
bignum.c:182:5:mbedtls_mpi_copy	24	static
bignum.c:222:6:mbedtls_mpi_swap	32	static
bignum.c:236:5:mbedtls_mpi_safe_cond_assign	32	static
bignum.c:264:5:mbedtls_mpi_safe_cond_swap	40	static
bignum.c:298:5:mbedtls_mpi_lset	24	static
bignum.c:316:5:mbedtls_mpi_get_bit	8	static
bignum.c:327:5:mbedtls_mpi_set_bit	40	static
bignum.c:355:8:mbedtls_mpi_lsb	24	static
bignum.c:370:15:mbedtls_clz	16	static
bignum.c:388:8:mbedtls_mpi_bitlen	24	static
bignum.c:407:8:mbedtls_mpi_size	16	static
bignum.c:415:12:mpi_get_digit	16	static
bignum.c:432:5:mbedtls_mpi_read_string	64	static
bignum.c:504:12:mpi_write_hlp	32	static
bignum.c:531:5:mbedtls_mpi_write_string	64	static
bignum.c:680:5:mbedtls_mpi_read_binary	40	static
bignum.c:707:5:mbedtls_mpi_write_binary	40	static
bignum.c:727:5:mbedtls_mpi_shift_l	40	static
bignum.c:777:5:mbedtls_mpi_shift_r	40	static
bignum.c:820:5:mbedtls_mpi_cmp_abs	16	static
bignum.c:850:5:mbedtls_mpi_cmp_mpi	16	static
bignum.c:883:5:mbedtls_mpi_cmp_int	32	static
bignum.c:902:5:mbedtls_mpi_add_abs	56	static
bignum.c:959:13:mpi_sub_hlp	32	static
bignum.c:983:5:mbedtls_mpi_sub_abs	48	static
bignum.c:1027:5:mbedtls_mpi_add_mpi	32	static
bignum.c:1058:5:mbedtls_mpi_sub_mpi	32	static
bignum.c:1089:5:mbedtls_mpi_add_int	40	static
bignum.c:1105:5:mbedtls_mpi_sub_int	40	static
bignum.c:1129:6:mpi_mul_hlp	80	static
bignum.c:1196:5:mbedtls_mpi_mul_mpi	64	static
bignum.c:1234:5:mbedtls_mpi_mul_int	40	static
bignum.c:1251:25:mbedtls_int_div_int	48	static
bignum.c:1346:5:mbedtls_mpi_div_mpi	112	static
bignum.c:1461:5:mbedtls_mpi_div_int	40	static
bignum.c:1480:5:mbedtls_mpi_mod_mpi	32	static
bignum.c:1504:5:mbedtls_mpi_mod_int	32	static
bignum.c:1561:13:mpi_montg_init	24	static
bignum.c:1578:12:mpi_montmul	48	static
bignum.c:1621:12:mpi_montred	48	static
bignum.c:1638:5:mbedtls_mpi_exp_mod	168	static
bignum.c:1850:5:mbedtls_mpi_gcd	72	static
bignum.c:1907:5:mbedtls_mpi_fill_random	544	static
bignum.c:1931:5:mbedtls_mpi_inv_mod	136	static
bignum.c:2060:12:mpi_check_small_factors	32	static
bignum.c:2087:12:mpi_miller_rabin	120	static
bignum.c:2196:5:mbedtls_mpi_is_prime	40	static
bignum.c:2233:5:mbedtls_mpi_gen_prime	56	static
bignum.c:2342:5:mbedtls_mpi_self_test	120	static
