cipher.h:416:28:mbedtls_cipher_get_block_size	8	static
cipher.h:451:19:mbedtls_cipher_get_iv_size	8	static
cipher.c:74:12:mbedtls_constant_time_memcmp	32	static
cipher.c:90:12:mbedtls_cipher_list	8	static
cipher.c:111:30:mbedtls_cipher_info_from_type	16	static
cipher.c:122:30:mbedtls_cipher_info_from_string	24	static
cipher.c:136:30:mbedtls_cipher_info_from_values	16	static
cipher.c:151:6:mbedtls_cipher_init	16	static
cipher.c:156:6:mbedtls_cipher_free	16	static
cipher.c:176:5:mbedtls_cipher_setup	16	static
cipher.c:202:5:mbedtls_cipher_setkey	24	static
cipher.c:236:5:mbedtls_cipher_set_iv	32	static
cipher.c:277:5:mbedtls_cipher_reset	8	static
cipher.c:288:5:mbedtls_cipher_update_ad	32	static
cipher.c:327:5:mbedtls_cipher_update	64	static
cipher.c:571:13:add_pkcs_padding	24	static
cipher.c:581:12:get_pkcs_padding	32	static
cipher.c:611:13:add_one_and_zeros_padding	24	static
cipher.c:622:12:get_one_and_zeros_padding	24	static
cipher.c:650:13:add_zeros_and_len_padding	24	static
cipher.c:661:12:get_zeros_and_len_padding	32	static
cipher.c:690:13:add_zeros_padding	24	static
cipher.c:699:12:get_zeros_padding	24	static
cipher.c:726:12:get_no_padding	16	static
cipher.c:738:5:mbedtls_cipher_finish	48	static
cipher.c:826:5:mbedtls_cipher_set_padding_mode	8	static
cipher.c:874:5:mbedtls_cipher_write_tag	24	static
cipher.c:903:5:mbedtls_cipher_check_tag	48	static
cipher.c:964:5:mbedtls_cipher_crypt	40	static
cipher.c:993:5:mbedtls_cipher_auth_encrypt	56	static
cipher.c:1040:5:mbedtls_cipher_auth_decrypt	56	static
