hmac_drbg.c:57:6:mbedtls_hmac_drbg_init	16	static
hmac_drbg.c:69:6:mbedtls_hmac_drbg_update	96	static
hmac_drbg.c:97:5:mbedtls_hmac_drbg_seed_buf	40	static
hmac_drbg.c:122:5:mbedtls_hmac_drbg_reseed	416	static
hmac_drbg.c:163:5:mbedtls_hmac_drbg_seed	40	static
hmac_drbg.c:219:6:mbedtls_hmac_drbg_set_prediction_resistance	8	static
hmac_drbg.c:228:6:mbedtls_hmac_drbg_set_entropy_len	8	static
hmac_drbg.c:236:6:mbedtls_hmac_drbg_set_reseed_interval	8	static
hmac_drbg.c:245:5:mbedtls_hmac_drbg_random_with_add	48	static
hmac_drbg.c:305:5:mbedtls_hmac_drbg_random	40	static
hmac_drbg.c:328:6:mbedtls_hmac_drbg_free	16	static
hmac_drbg.c:451:12:hmac_drbg_self_test_entropy	32	static
hmac_drbg.c:470:5:mbedtls_hmac_drbg_self_test	208	static
