pk.h:141:36:mbedtls_pk_rsa	8	static
pk.h:245:22:mbedtls_pk_get_len	16	static
pk.c:50:6:mbedtls_pk_init	8	static
pk.c:62:6:mbedtls_pk_free	16	static
pk.c:75:27:mbedtls_pk_info_from_type	8	static
pk.c:101:5:mbedtls_pk_setup	16	static
pk.c:118:5:mbedtls_pk_setup_rsa_alt	32	static
pk.c:148:5:mbedtls_pk_can_do	16	static
pk.c:160:19:pk_hashlen_helper	24	static
pk.c:177:5:mbedtls_pk_verify	32	static
pk.c:195:5:mbedtls_pk_verify_ext	56	static
pk.c:253:5:mbedtls_pk_sign	40	static
pk.c:272:5:mbedtls_pk_decrypt	40	static
pk.c:290:5:mbedtls_pk_encrypt	40	static
pk.c:308:5:mbedtls_pk_check_pair	16	static
pk.c:334:8:mbedtls_pk_get_bitlen	16	static
pk.c:345:5:mbedtls_pk_debug	16	static
pk.c:360:13:mbedtls_pk_get_name	8	static
pk.c:371:19:mbedtls_pk_get_type	8	static
