pk_wrap.c:60:12:rsa_can_do	8	static
pk_wrap.c:66:15:rsa_get_bitlen	24	static
pk_wrap.c:72:12:rsa_verify_wrap	56	static
pk_wrap.c:104:12:rsa_sign_wrap	48	static
pk_wrap.c:122:12:rsa_decrypt_wrap	48	static
pk_wrap.c:136:12:rsa_encrypt_wrap	48	static
pk_wrap.c:151:12:rsa_check_pair_wrap	16	static
pk_wrap.c:157:14:rsa_alloc_wrap	16	static
pk_wrap.c:167:13:rsa_free_wrap	16	static
pk_wrap.c:173:13:rsa_debug	8	static
pk_wrap.c:206:12:eckey_can_do	8	static
pk_wrap.c:213:15:eckey_get_bitlen	8	static
pk_wrap.c:229:12:eckey_verify_wrap	208	static
pk_wrap.c:246:12:eckey_sign_wrap	216	static
pk_wrap.c:267:12:eckey_check_pair	16	static
pk_wrap.c:273:14:eckey_alloc_wrap	16	static
pk_wrap.c:283:13:eckey_free_wrap	16	static
pk_wrap.c:289:13:eckey_debug	8	static
pk_wrap.c:319:12:eckeydh_can_do	8	static
pk_wrap.c:342:12:ecdsa_can_do	8	static
pk_wrap.c:347:12:ecdsa_verify_wrap	40	static
pk_wrap.c:363:12:ecdsa_sign_wrap	40	static
pk_wrap.c:372:14:ecdsa_alloc_wrap	16	static
pk_wrap.c:382:13:ecdsa_free_wrap	16	static
pk_wrap.c:409:12:rsa_alt_can_do	8	static
pk_wrap.c:414:15:rsa_alt_get_bitlen	24	static
pk_wrap.c:421:12:rsa_alt_sign_wrap	48	static
pk_wrap.c:439:12:rsa_alt_decrypt_wrap	40	static
pk_wrap.c:457:12:rsa_alt_check_pair	584	static
pk_wrap.c:486:14:rsa_alt_alloc_wrap	16	static
pk_wrap.c:496:13:rsa_alt_free_wrap	16	static
