pk.h:141:36:mbedtls_pk_rsa	8	static
pk.h:154:36:mbedtls_pk_ec	8	static
pkparse.c:172:12:pk_get_ecparams	32	static
pkparse.c:228:12:pk_group_from_specified	48	static
pkparse.c:373:12:pk_group_id_from_group	152	static
pkparse.c:417:12:pk_group_id_from_specified	144	static
pkparse.c:445:12:pk_use_ecparams	24	static
pkparse.c:484:12:pk_get_ecpubkey	32	static
pkparse.c:511:12:pk_get_rsapubkey	64	static
pkparse.c:566:12:pk_get_pk_alg	40	static
pkparse.c:599:5:mbedtls_pk_parse_subpubkey	56	static
pkparse.c:662:12:pk_parse_key_pkcs1_der	88	static
pkparse.c:789:12:pk_parse_key_sec1_der	72	static
pkparse.c:927:12:pk_parse_key_pkcs8_unencrypted_der	64	static
pkparse.c:1022:12:pk_parse_key_pkcs8_encrypted_der	112	static
pkparse.c:1142:5:mbedtls_pk_parse_key	72	static
pkparse.c:1348:5:mbedtls_pk_parse_public_key	72	static
