pk.h:141:36:mbedtls_pk_rsa	8	static
rsa.c:76:19:mbedtls_safer_memcmp	32	static
rsa.c:90:5:mbedtls_rsa_import	32	static
rsa.c:112:5:mbedtls_rsa_import_raw	32	static
rsa.c:152:12:rsa_check_context	24	static
rsa.c:240:5:mbedtls_rsa_complete	80	static
rsa.c:331:5:mbedtls_rsa_export_raw	32	static
rsa.c:377:5:mbedtls_rsa_export	32	static
rsa.c:420:5:mbedtls_rsa_export_crt	32	static
rsa.c:458:6:mbedtls_rsa_init	24	static
rsa.c:474:6:mbedtls_rsa_set_padding	16	static
rsa.c:484:8:mbedtls_rsa_get_len	8	static
rsa.c:498:5:mbedtls_rsa_gen_key	80	static
rsa.c:604:5:mbedtls_rsa_check_pubkey	16	static
rsa.c:627:5:mbedtls_rsa_check_privkey	40	static
rsa.c:655:5:mbedtls_rsa_check_pub_priv	16	static
rsa.c:677:5:mbedtls_rsa_public	56	static
rsa.c:729:12:rsa_prepare_blinding	40	static
rsa.c:787:5:mbedtls_rsa_private	168	static
rsa.c:1020:12:mgf_mask	112	static
rsa.c:1072:5:mbedtls_rsa_rsaes_oaep_encrypt	64	static
rsa.c:1153:5:mbedtls_rsa_rsaes_pkcs1_v15_encrypt	56	static
rsa.c:1219:5:mbedtls_rsa_pkcs1_encrypt	48	static
rsa.c:1249:5:mbedtls_rsa_rsaes_oaep_decrypt	656	static
rsa.c:1387:5:mbedtls_rsa_rsaes_pkcs1_v15_decrypt	568	static
rsa.c:1483:5:mbedtls_rsa_pkcs1_decrypt	48	static
rsa.c:1515:5:mbedtls_rsa_rsassa_pss_sign	144	static
rsa.c:1642:12:rsa_rsassa_pkcs1_v15_encode	48	static
rsa.c:1757:5:mbedtls_rsa_rsassa_pkcs1_v15_sign	48	static
rsa.c:1829:5:mbedtls_rsa_pkcs1_sign	40	static
rsa.c:1861:5:mbedtls_rsa_rsassa_pss_verify_ext	664	static
rsa.c:2003:5:mbedtls_rsa_rsassa_pss_verify	56	static
rsa.c:2028:5:mbedtls_rsa_rsassa_pkcs1_v15_verify	48	static
rsa.c:2101:5:mbedtls_rsa_pkcs1_verify	40	static
rsa.c:2132:5:mbedtls_rsa_copy	24	static
rsa.c:2172:6:mbedtls_rsa_free	16	static
rsa.c:2236:12:myrand	32	static
rsa.c:2260:5:mbedtls_rsa_self_test	256	static
