pk.h:154:36:mbedtls_pk_ec	8	static
cipher.h:416:28:mbedtls_cipher_get_block_size	8	static
cipher.h:433:37:mbedtls_cipher_get_cipher_mode	8	static
ssl_internal.h:480:20:mbedtls_ssl_sig_hash_set_init	16	static
ssl_internal.h:649:33:mbedtls_ssl_own_cert	16	static
ssl_internal.h:681:22:mbedtls_ssl_hdr_len	8	static
ssl_internal.h:692:22:mbedtls_ssl_hs_hdr_len	8	static
ssl_internal.h:717:19:mbedtls_ssl_safer_memcmp	32	static
ssl_tls.c:61:22:ssl_ep_len	8	static
ssl_tls.c:76:13:ssl_set_timer	16	static
ssl_tls.c:88:12:ssl_check_timer	16	static
ssl_tls.c:124:15:ssl_get_maximum_datagram_size	24	static
ssl_tls.c:134:12:ssl_get_remaining_space_in_datagram	24	static
ssl_tls.c:150:12:ssl_get_remaining_payload_in_datagram	40	static
ssl_tls.c:201:12:ssl_double_retransmit_timeout	16	static
ssl_tls.c:233:13:ssl_reset_retransmit_timeout	8	static
ssl_tls.c:250:21:ssl_mfl_code_to_length	8	static
ssl_tls.c:271:12:ssl_session_copy	24	static
ssl_tls.c:392:12:tls1_prf	224	static
ssl_tls.c:490:12:tls_prf_generic	256	static
ssl_tls.c:554:12:tls_prf_sha256	40	static
ssl_tls.c:565:12:tls_prf_sha384	40	static
ssl_tls.c:607:5:mbedtls_ssl_derive_keys	472	static
ssl_tls.c:1168:6:ssl_calc_verify_tls	336	static
ssl_tls.c:1196:6:ssl_calc_verify_tls_sha256	248	static
ssl_tls.c:1217:6:ssl_calc_verify_tls_sha384	232	static
ssl_tls.c:1239:5:mbedtls_ssl_psk_derive_premaster	64	static
ssl_tls.c:1420:13:ssl_read_memory	16	static
ssl_tls.c:1436:12:ssl_encrypt_buf	216	static
ssl_tls.c:1782:12:ssl_decrypt_buf	264	static
ssl_tls.c:2485:12:ssl_resend_hello_request	24	static
ssl_tls.c:2527:5:mbedtls_ssl_fetch_input	32	static
ssl_tls.c:2746:5:mbedtls_ssl_flush_output	24	static
ssl_tls.c:2815:12:ssl_flight_append	24	static
ssl_tls.c:2861:13:ssl_flight_free	24	static
ssl_tls.c:2884:13:ssl_swap_epochs	32	static
ssl_tls.c:2925:5:mbedtls_ssl_resend	24	static
ssl_tls.c:2945:5:mbedtls_ssl_flight_transmit	64	static
ssl_tls.c:3102:6:mbedtls_ssl_recv_flight_completed	16	static
ssl_tls.c:3133:6:mbedtls_ssl_send_flight_completed	16	static
ssl_tls.c:3174:5:mbedtls_ssl_write_handshake_msg	32	static
ssl_tls.c:3331:5:mbedtls_ssl_write_record	48	static
ssl_tls.c:3477:12:ssl_hs_is_proper_fragment	16	static
ssl_tls.c:3488:17:ssl_get_hs_frag_len	8	static
ssl_tls.c:3495:17:ssl_get_hs_frag_off	8	static
ssl_tls.c:3502:12:ssl_check_hs_header	32	static
ssl_tls.c:3525:13:ssl_bitmask_set	40	static
ssl_tls.c:3568:12:ssl_bitmask_check	16	static
ssl_tls.c:3584:15:ssl_get_reassembly_buffer_size	16	static
ssl_tls.c:3600:17:ssl_get_hs_total_len	8	static
ssl_tls.c:3607:5:mbedtls_ssl_prepare_handshake_record	24	static
ssl_tls.c:3699:6:mbedtls_ssl_update_handshake_status	32	static
ssl_tls.c:3751:13:ssl_dtls_replay_reset	16	static
ssl_tls.c:3757:24:ssl_load_six_bytes	64	static
ssl_tls.c:3770:5:mbedtls_ssl_dtls_replay_check	56	static
ssl_tls.c:3795:6:mbedtls_ssl_dtls_replay_update	88	static
ssl_tls.c:3843:12:ssl_check_dtls_clihlo_cookie	48	static
ssl_tls.c:3977:12:ssl_handle_possible_reconnect	64	static
ssl_tls.c:4037:12:ssl_parse_record_header	32	static
ssl_tls.c:4222:12:ssl_prepare_record_content	24	static
ssl_tls.c:4300:5:mbedtls_ssl_read_record	24	static
ssl_tls.c:4385:12:ssl_next_record_is_in_datagram	8	static
ssl_tls.c:4393:12:ssl_load_buffered_message	32	static
ssl_tls.c:4490:12:ssl_buffer_make_space	24	static
ssl_tls.c:4532:12:ssl_buffer_message	64	static
ssl_tls.c:4725:12:ssl_consume_current_message	16	static
ssl_tls.c:4812:12:ssl_record_is_in_progress	8	static
ssl_tls.c:4822:13:ssl_free_buffered_record	24	static
ssl_tls.c:4838:12:ssl_load_buffered_record	32	static
ssl_tls.c:4892:12:ssl_buffer_future_record	32	static
ssl_tls.c:4949:12:ssl_get_next_record	24	static
ssl_tls.c:5103:5:mbedtls_ssl_handle_message_type	24	static
ssl_tls.c:5221:5:mbedtls_ssl_send_fatal_handshake_failure	24	static
ssl_tls.c:5235:5:mbedtls_ssl_send_alert_message	24	static
ssl_tls.c:5316:5:mbedtls_ssl_write_certificate	40	static
ssl_tls.c:5432:5:mbedtls_ssl_parse_certificate	80	static
ssl_tls.c:5822:5:mbedtls_ssl_write_change_cipher_spec	24	static
ssl_tls.c:5845:5:mbedtls_ssl_parse_change_cipher_spec	24	static
ssl_tls.c:5918:6:mbedtls_ssl_optimize_checksum	8	static
ssl_tls.c:5947:6:mbedtls_ssl_reset_checksum	16	static
ssl_tls.c:5964:13:ssl_update_checksum_start	24	static
ssl_tls.c:5984:13:ssl_update_checksum_md5sha1	24	static
ssl_tls.c:5994:13:ssl_update_checksum_sha256	24	static
ssl_tls.c:6002:13:ssl_update_checksum_sha384	24	static
ssl_tls.c:6096:13:ssl_calc_finished_tls	408	static
ssl_tls.c:6156:13:ssl_calc_finished_tls_sha256	320	static
ssl_tls.c:6205:13:ssl_calc_finished_tls_sha384	320	static
ssl_tls.c:6254:13:ssl_handshake_wrapup_free_hs_transform	16	static
ssl_tls.c:6279:6:mbedtls_ssl_handshake_wrapup	24	static
ssl_tls.c:6341:5:mbedtls_ssl_write_finished	32	static
ssl_tls.c:6465:5:mbedtls_ssl_parse_finished	40	static
ssl_tls.c:6544:13:ssl_handshake_params_init	16	static
ssl_tls.c:6592:13:ssl_transform_init	16	static
ssl_tls.c:6603:6:mbedtls_ssl_session_init	16	static
ssl_tls.c:6608:12:ssl_handshake_init	16	static
ssl_tls.c:6679:12:ssl_cookie_write_dummy	16	static
ssl_tls.c:6692:12:ssl_cookie_check_dummy	16	static
ssl_tls.c:6714:13:ssl_update_out_pointers	8	static
ssl_tls.c:6750:13:ssl_update_in_pointers	8	static
ssl_tls.c:6781:6:mbedtls_ssl_init	16	static
ssl_tls.c:6790:13:ssl_reset_in_out_pointers	16	static
ssl_tls.c:6811:5:mbedtls_ssl_setup	24	static
ssl_tls.c:6879:12:ssl_session_reset_int	24	static
ssl_tls.c:6998:5:mbedtls_ssl_session_reset	16	static
ssl_tls.c:7006:6:mbedtls_ssl_conf_endpoint	8	static
ssl_tls.c:7011:6:mbedtls_ssl_conf_transport	8	static
ssl_tls.c:7017:6:mbedtls_ssl_conf_dtls_anti_replay	8	static
ssl_tls.c:7024:6:mbedtls_ssl_conf_dtls_badmac_limit	8	static
ssl_tls.c:7032:6:mbedtls_ssl_set_datagram_packing	8	static
ssl_tls.c:7038:6:mbedtls_ssl_conf_handshake_timeout	16	static
ssl_tls.c:7046:6:mbedtls_ssl_conf_authmode	8	static
ssl_tls.c:7052:6:mbedtls_ssl_conf_verify	16	static
ssl_tls.c:7061:6:mbedtls_ssl_conf_rng	16	static
ssl_tls.c:7069:6:mbedtls_ssl_conf_dbg	16	static
ssl_tls.c:7077:6:mbedtls_ssl_set_bio	16	static
ssl_tls.c:7090:6:mbedtls_ssl_set_mtu	8	static
ssl_tls.c:7096:6:mbedtls_ssl_conf_read_timeout	8	static
ssl_tls.c:7101:6:mbedtls_ssl_set_timer_cb	24	static
ssl_tls.c:7115:6:mbedtls_ssl_conf_session_cache	16	static
ssl_tls.c:7127:5:mbedtls_ssl_set_session	24	static
ssl_tls.c:7148:6:mbedtls_ssl_conf_ciphersuites	8	static
ssl_tls.c:7157:6:mbedtls_ssl_conf_ciphersuites_for_version	16	static
ssl_tls.c:7171:6:mbedtls_ssl_conf_cert_profile	8	static
ssl_tls.c:7178:12:ssl_append_key_cert	32	static
ssl_tls.c:7208:5:mbedtls_ssl_conf_own_cert	24	static
ssl_tls.c:7215:6:mbedtls_ssl_conf_ca_chain	16	static
ssl_tls.c:7225:5:mbedtls_ssl_set_hs_own_cert	24	static
ssl_tls.c:7233:6:mbedtls_ssl_set_hs_ca_chain	16	static
ssl_tls.c:7241:6:mbedtls_ssl_set_hs_authmode	8	static
ssl_tls.c:7275:5:mbedtls_ssl_conf_psk	24	static
ssl_tls.c:7326:5:mbedtls_ssl_set_hs_psk	24	static
ssl_tls.c:7352:6:mbedtls_ssl_conf_psk_cb	16	static
ssl_tls.c:7365:5:mbedtls_ssl_conf_dh_param	32	static
ssl_tls.c:7381:5:mbedtls_ssl_conf_dh_param_bin	32	static
ssl_tls.c:7398:5:mbedtls_ssl_conf_dh_param_ctx	24	static
ssl_tls.c:7418:6:mbedtls_ssl_conf_dhm_min_bitlen	8	static
ssl_tls.c:7429:6:mbedtls_ssl_conf_sig_hashes	8	static
ssl_tls.c:7440:6:mbedtls_ssl_conf_curves	8	static
ssl_tls.c:7448:5:mbedtls_ssl_set_hostname	24	static
ssl_tls.c:7494:6:mbedtls_ssl_conf_sni	16	static
ssl_tls.c:7505:5:mbedtls_ssl_conf_alpn_protocols	32	static
ssl_tls.c:7530:13:mbedtls_ssl_get_alpn_protocol	8	static
ssl_tls.c:7536:6:mbedtls_ssl_conf_max_version	16	static
ssl_tls.c:7542:6:mbedtls_ssl_conf_min_version	16	static
ssl_tls.c:7549:6:mbedtls_ssl_conf_fallback	8	static
ssl_tls.c:7556:6:mbedtls_ssl_conf_cert_req_ca_list	8	static
ssl_tls.c:7564:6:mbedtls_ssl_conf_encrypt_then_mac	8	static
ssl_tls.c:7571:6:mbedtls_ssl_conf_extended_master_secret	8	static
ssl_tls.c:7585:5:mbedtls_ssl_conf_max_frag_len	16	static
ssl_tls.c:7600:6:mbedtls_ssl_conf_truncated_hmac	8	static
ssl_tls.c:7607:6:mbedtls_ssl_conf_cbc_record_splitting	8	static
ssl_tls.c:7613:6:mbedtls_ssl_conf_legacy_renegotiation	8	static
ssl_tls.c:7619:6:mbedtls_ssl_conf_renegotiation	8	static
ssl_tls.c:7624:6:mbedtls_ssl_conf_renegotiation_enforced	8	static
ssl_tls.c:7629:6:mbedtls_ssl_conf_renegotiation_period	16	static
ssl_tls.c:7638:6:mbedtls_ssl_conf_session_tickets	8	static
ssl_tls.c:7645:6:mbedtls_ssl_conf_session_tickets_cb	16	static
ssl_tls.c:7658:6:mbedtls_ssl_conf_export_keys_cb	16	static
ssl_tls.c:7707:8:mbedtls_ssl_get_bytes_avail	8	static
ssl_tls.c:7712:5:mbedtls_ssl_check_pending	8	static
ssl_tls.c:7767:10:mbedtls_ssl_get_verify_result	8	static
ssl_tls.c:7778:13:mbedtls_ssl_get_ciphersuite	16	static
ssl_tls.c:7786:13:mbedtls_ssl_get_version	8	static
ssl_tls.c:7824:5:mbedtls_ssl_get_record_expansion	32	static
ssl_tls.c:7878:8:mbedtls_ssl_get_max_frag_len	24	static
ssl_tls.c:7906:15:ssl_get_current_mtu	8	static
ssl_tls.c:7919:5:mbedtls_ssl_get_max_out_record_payload	40	static
ssl_tls.c:7965:25:mbedtls_ssl_get_peer_cert	8	static
ssl_tls.c:7975:5:mbedtls_ssl_get_session	16	static
ssl_tls.c:7992:5:mbedtls_ssl_handshake_step	24	static
ssl_tls.c:8014:5:mbedtls_ssl_handshake	24	static
ssl_tls.c:8041:12:ssl_write_hello_request	24	static
ssl_tls.c:8072:12:ssl_start_renegotiation	24	static
ssl_tls.c:8112:5:mbedtls_ssl_renegotiate	24	static
ssl_tls.c:8168:12:ssl_check_ctr_renegotiate	32	static
ssl_tls.c:8199:5:mbedtls_ssl_read	32	static
ssl_tls.c:8512:12:ssl_write_real	32	static
ssl_tls.c:8582:12:ssl_write_split	32	static
ssl_tls.c:8615:5:mbedtls_ssl_write	32	static
ssl_tls.c:8655:5:mbedtls_ssl_close_notify	24	static
ssl_tls.c:8683:6:mbedtls_ssl_transform_free	16	static
ssl_tls.c:8703:13:ssl_key_cert_free	24	static
ssl_tls.c:8718:13:ssl_buffering_free	24	static
ssl_tls.c:8732:13:ssl_buffering_free_slot	24	static
ssl_tls.c:8751:6:mbedtls_ssl_handshake_free	32	static
ssl_tls.c:8838:6:mbedtls_ssl_session_free	16	static
ssl_tls.c:8861:6:mbedtls_ssl_free	16	static
ssl_tls.c:8940:6:mbedtls_ssl_config_init	16	static
ssl_tls.c:8987:5:mbedtls_ssl_config_defaults	296	static
ssl_tls.c:9151:6:mbedtls_ssl_config_free	16	static
ssl_tls.c:9188:15:mbedtls_ssl_sig_from_pk	16	static
ssl_tls.c:9201:15:mbedtls_ssl_sig_from_pk_alg	8	static
ssl_tls.c:9214:19:mbedtls_ssl_pk_alg_from_sig	8	static
ssl_tls.c:9236:19:mbedtls_ssl_sig_hash_set_find	8	static
ssl_tls.c:9251:6:mbedtls_ssl_sig_hash_set_add	8	static
ssl_tls.c:9273:6:mbedtls_ssl_sig_hash_set_const_hash	8	static
ssl_tls.c:9286:19:mbedtls_ssl_md_alg_from_hash	8	static
ssl_tls.c:9318:15:mbedtls_ssl_hash_from_md_alg	8	static
ssl_tls.c:9352:5:mbedtls_ssl_check_curve	16	static
ssl_tls.c:9372:5:mbedtls_ssl_check_sig_hash	16	static
ssl_tls.c:9389:5:mbedtls_ssl_check_cert_usage	40	static
ssl_tls.c:9488:6:mbedtls_ssl_write_version	16	static
ssl_tls.c:9510:6:mbedtls_ssl_read_version	16	static
ssl_tls.c:9532:5:mbedtls_ssl_set_calc_verify_md	8	static
ssl_tls.c:9576:5:mbedtls_ssl_get_key_exchange_md_ssl_tls	352	static
ssl_tls.c:9662:5:mbedtls_ssl_get_key_exchange_md_tls1_2	48	static
