pk.h:154:36:mbedtls_pk_ec	8	static
x509_crt.c:163:12:x509_profile_check_md_alg	8	static
x509_crt.c:179:12:x509_profile_check_pk_alg	8	static
x509_crt.c:195:12:x509_profile_check_key	24	static
x509_crt.c:233:12:x509_get_version	32	static
x509_crt.c:269:12:x509_get_dates	32	static
x509_crt.c:299:12:x509_get_uid	32	static
x509_crt.c:325:12:x509_get_basic_constraints	32	static
x509_crt.c:375:12:x509_get_ns_cert_type	40	static
x509_crt.c:394:12:x509_get_key_usage	48	static
x509_crt.c:424:12:x509_get_ext_key_usage	32	static
x509_crt.c:467:12:x509_get_subject_alt_name	48	static
x509_crt.c:547:12:x509_get_crt_ext	64	static
x509_crt.c:685:12:x509_crt_parse_der_core	88	static
x509_crt.c:942:5:mbedtls_x509_crt_parse_der	40	static
x509_crt.c:993:5:mbedtls_x509_crt_parse	80	static
x509_crt.c:1249:12:x509_info_subject_alt_name	40	static
x509_crt.c:1298:12:x509_info_cert_type	40	static
x509_crt.c:1325:12:x509_info_key_usage	40	static
x509_crt.c:1349:12:x509_info_ext_key_usage	56	static
x509_crt.c:1383:5:mbedtls_x509_crt_info	96	static
x509_crt.c:1544:5:mbedtls_x509_crt_verify_info	48	static
x509_crt.c:1573:5:mbedtls_x509_crt_check_key_usage	24	static
x509_crt.c:1598:5:mbedtls_x509_crt_check_extended_key_usage	32	static
x509_crt.c:1633:5:mbedtls_x509_crt_is_revoked	24	static
x509_crt.c:1656:12:x509_crt_verifycrl	128	static
x509_crt.c:1745:12:x509_memcasecmp	32	static
x509_crt.c:1774:12:x509_check_wildcard	32	static
x509_crt.c:1810:12:x509_string_cmp	16	static
x509_crt.c:1840:12:x509_name_cmp	16	static
x509_crt.c:1875:12:x509_crt_check_signature	120	static
x509_crt.c:1904:12:x509_crt_check_parent	32	static
x509_crt.c:1974:26:x509_crt_find_parent_in	32	static
x509_crt.c:2039:26:x509_crt_find_parent	40	static
x509_crt.c:2065:12:x509_crt_check_ee_locally_trusted	24	static
x509_crt.c:2116:12:x509_crt_verify_chain	56	static
x509_crt.c:2219:12:x509_crt_check_cn	24	static
x509_crt.c:2241:13:x509_crt_verify_name	40	static
x509_crt.c:2279:12:x509_crt_merge_flags_with_cb	40	static
x509_crt.c:2307:5:mbedtls_x509_crt_verify	40	static
x509_crt.c:2328:5:mbedtls_x509_crt_verify_with_profile	128	static
x509_crt.c:2397:6:mbedtls_x509_crt_init	16	static
x509_crt.c:2405:6:mbedtls_x509_crt_free	40	static
