x509write_crt.c:48:6:mbedtls_x509write_crt_init	16	static
x509write_crt.c:56:6:mbedtls_x509write_crt_free	16	static
x509write_crt.c:67:6:mbedtls_x509write_crt_set_version	8	static
x509write_crt.c:72:6:mbedtls_x509write_crt_set_md_alg	8	static
x509write_crt.c:77:6:mbedtls_x509write_crt_set_subject_key	8	static
x509write_crt.c:82:6:mbedtls_x509write_crt_set_issuer_key	8	static
x509write_crt.c:87:5:mbedtls_x509write_crt_set_subject_name	16	static
x509write_crt.c:93:5:mbedtls_x509write_crt_set_issuer_name	16	static
x509write_crt.c:99:5:mbedtls_x509write_crt_set_serial	24	static
x509write_crt.c:109:5:mbedtls_x509write_crt_set_validity	24	static
x509write_crt.c:125:5:mbedtls_x509write_crt_set_extension	32	static
x509write_crt.c:134:5:mbedtls_x509write_crt_set_basic_constraints	56	static
x509write_crt.c:166:5:mbedtls_x509write_crt_set_subject_key_identifier	1080	static
x509write_crt.c:191:5:mbedtls_x509write_crt_set_authority_key_identifier	1080	static
x509write_crt.c:221:5:mbedtls_x509write_crt_set_key_usage	40	static
x509write_crt.c:247:5:mbedtls_x509write_crt_set_ns_cert_type	40	static
x509write_crt.c:268:12:x509_write_time	32	static
x509write_crt.c:297:5:mbedtls_x509write_crt_der	2712	static
x509write_crt.c:456:5:mbedtls_x509write_crt_pem	4144	static
