x509.c:76:5:mbedtls_x509_get_serial	32	static
x509.c:107:5:mbedtls_x509_get_alg_null	32	static
x509.c:121:5:mbedtls_x509_get_alg	32	static
x509.c:142:12:x509_get_hash_alg	48	static
x509.c:201:5:mbedtls_x509_get_rsassa_pss_params	72	static
x509.c:344:12:x509_get_attr_type_value	40	static
x509.c:418:5:mbedtls_x509_get_name	40	static
x509.c:471:12:x509_parse_int	16	static
x509.c:487:12:x509_date_is_valid	16	static
x509.c:524:12:x509_parse_time	32	static
x509.c:589:5:mbedtls_x509_get_time	40	static
x509.c:619:5:mbedtls_x509_get_sig	40	static
x509.c:646:5:mbedtls_x509_get_sig_alg	32	static
x509.c:695:5:mbedtls_x509_get_ext	32	static
x509.c:736:5:mbedtls_x509_dn_gets	312	static
x509.c:798:5:mbedtls_x509_serial_gets	56	static
x509.c:832:5:mbedtls_x509_sig_alg_gets	64	static
x509.c:877:5:mbedtls_x509_key_size_helper	40	static
x509.c:981:5:mbedtls_x509_time_is_past	8	static
x509.c:987:5:mbedtls_x509_time_is_future	8	static
x509.c:1002:5:mbedtls_x509_self_test	656	static
