x509write_csr.c:47:6:mbedtls_x509write_csr_init	16	static
x509write_csr.c:52:6:mbedtls_x509write_csr_free	16	static
x509write_csr.c:60:6:mbedtls_x509write_csr_set_md_alg	8	static
x509write_csr.c:65:6:mbedtls_x509write_csr_set_key	8	static
x509write_csr.c:70:5:mbedtls_x509write_csr_set_subject_name	16	static
x509write_csr.c:76:5:mbedtls_x509write_csr_set_extension	32	static
x509write_csr.c:84:5:mbedtls_x509write_csr_set_key_usage	40	static
x509write_csr.c:104:5:mbedtls_x509write_csr_set_ns_cert_type	40	static
x509write_csr.c:125:5:mbedtls_x509write_csr_der	2704	static
x509write_csr.c:237:5:mbedtls_x509write_csr_pem	4144	static
