AWS_FaultBuffer.c:109:17:AWS_FaultBufferInit	16	static
AWS_FaultBuffer.c:139:6:AWS_FaultBufferStop	8	static
AWS_FaultBuffer.c:164:17:AWS_FaultBuffer	32	static
AWS_FaultBuffer.c:206:6:AWS_FinishedWithFaultBuffer	16	static
AWS_FaultBuffer.c:222:6:AWS_SendFailedForFaultBuffer	0	static
AWS_FaultBuffer.c:245:6:AWS_ConnectionStateCB	16	static
AWS_FaultBuffer.c:260:6:AWS_SetTimerForPeriodicWorker	8	static
AWS_FaultBuffer.c:286:6:AWS_ForceBackoffDuringDiscovery	8	static
AWS_FaultBuffer.c:296:6:AWS_SendWaitingDelta	48	static
AWS_FaultBuffer.c:328:6:_CircularBufferInit	8	static
AWS_FaultBuffer.c:343:10:_FindFreeBuffer	40	static
AWS_FaultBuffer.c:386:13:_returnBuffer	24	static
AWS_FaultBuffer.c:419:17:_NextBuffer	16	static
AWS_FaultBuffer.c:440:13:_PeriodicWorkerCB	16	static
AWS_FaultBuffer.c:450:13:_PeriodicWorker	80	static
AWS_FaultBuffer.c:570:6:AWS_FaultBufferEmpty	0	static
AWS_FaultBuffer.c:582:6:_AWS_SendOutOfSyncProperties	64	static
AWS_FaultBuffer.c:662:5:_getBufferCount	0	static
AWS_FaultBuffer.c:671:10:_getStartBuffer	0	static
