AWS_CommsHandler.c:2063:17:AWS_CommsChannelDeltaAddPropertyStr	0	static
AWS_CommsHandler.c:2295:17:AWS_CommsChannelDeltaFinish	0	static
AWS_CommsHandler.c:2427:17:AWS_CommsChannelDestroy	0	static
AWS_CommsHandler.c:2000:17:AWS_CommsChannelDeltaStart	8	static
AWS_CommsHandler.c:2089:17:AWS_CommsChannelDeltaAddProperty	104	static
AWS_CommsHandler.c:1932:17:AWS_CommsChannelOpen	8	static
AWS_CommsHandler.c:1568:13:_AWS_IOT_ConnectTimerCB	16	static
AWS_CommsHandler.c:2221:17:AWS_CommsChannelDeltaSend	16	static
AWS_CommsHandler.c:490:17:_AWS_SendLEDStatus.constprop	96	static
AWS_CommsHandler.c:1588:13:_AWS_IOT_ProcessConnectTimeouts	48	static
AWS_CommsHandler.c:2321:17:AWS_CommsChannelPoll.part.2	24	static
AWS_CommsHandler.c:2321:17:AWS_CommsChannelPoll	8	static
AWS_CommsHandler.c:2389:17:AWS_CommsChannelClose	8	static
AWS_CommsHandler.c:918:13:_AWS_Sequencer	40	static
AWS_CommsHandler.c:2969:13:_AWS_MessageQueueListener	1336	static
AWS_CommsHandler.c:490:17:_AWS_SendLEDStatus	96	static
AWS_CommsHandler.c:1141:6:_AWS_CheckForDisconnectRetries	32	static
AWS_CommsHandler.c:1277:13:_AWS_IOT_SendOutOfSyncShadows	56	static
AWS_CommsHandler.c:1186:6:_AWS_CheckForUnsubscriptions	0	static
AWS_CommsHandler.c:1212:6:AWS_OutOfSyncTimerEnabled	0	static
AWS_CommsHandler.c:1224:6:AWS_StartOutOfSyncTimer	16	static
AWS_CommsHandler.c:1378:6:AWS_SendECOMConnectMessage	40	static
AWS_CommsHandler.c:1633:17:AWS_Initialise	48	static
AWS_CommsHandler.c:1768:17:AWS_Start	24	static
AWS_CommsHandler.c:1813:6:AWS_Stop	16	static
AWS_CommsHandler.c:1868:17:AWS_IOT_ShadowConnect	24	static
AWS_CommsHandler.c:2447:6:AWS_RegisterNewDeltaRequest	16	static
AWS_CommsHandler.c:3106:17:AWS_OnCommsHandler	0	static
