AWS_CommsHandler.c:490:17:_AWS_SendLEDStatus	96	static
AWS_CommsHandler.c:528:24:_AWS_GetConnectionIDofDevice	56	static
AWS_CommsHandler.c:567:24:_AWS_GetConnectionIDForThingName	48	static
AWS_CommsHandler.c:591:13:_AWS_FindAvailableConnectionForDevice	24	static
AWS_CommsHandler.c:632:16:_AWS_FindDeltaTopicIndexByThingName	8	static
AWS_CommsHandler.c:699:16:_AWS_FindDeltaTopicIndexByDeviceId	128	static
AWS_CommsHandler.c:732:16:_AWS_FindEmptySlotForDeltaTopic	16	static
AWS_CommsHandler.c:762:13:_AWS_QueueSeqItem	32	static
AWS_CommsHandler.c:813:13:_AWS_EnqueueSeqItem	32	static
AWS_CommsHandler.c:853:13:_AWS_SubscribeToChildTopic	64	static
AWS_CommsHandler.c:918:13:_AWS_Sequencer	48	static
AWS_CommsHandler.c:995:24:_AWS_UnsubscribeDevice	64	static
AWS_CommsHandler.c:1113:24:_AWS_UnsubscribeDeviceID	128	static
AWS_CommsHandler.c:1141:6:_AWS_CheckForDisconnectRetries	40	static
AWS_CommsHandler.c:1186:6:_AWS_CheckForUnsubscriptions	24	static
AWS_CommsHandler.c:1212:6:AWS_OutOfSyncTimerEnabled	0	static
AWS_CommsHandler.c:1224:6:AWS_StartOutOfSyncTimer	16	static
AWS_CommsHandler.c:1261:13:_AWS_IOT_SendOutOfSyncShadowsCB	16	static
AWS_CommsHandler.c:1277:13:_AWS_IOT_SendOutOfSyncShadows	24	static
AWS_CommsHandler.c:1378:6:AWS_SendECOMConnectMessage	48	static
AWS_CommsHandler.c:1568:13:_AWS_IOT_ConnectTimerCB	40	static
AWS_CommsHandler.c:1588:13:_AWS_IOT_ProcessConnectTimeouts	64	static
AWS_CommsHandler.c:1633:17:AWS_Initialise	80	static
AWS_CommsHandler.c:1768:17:AWS_Start	48	static
AWS_CommsHandler.c:1813:6:AWS_Stop	24	static
AWS_CommsHandler.c:1868:17:AWS_IOT_ShadowConnect	32	static
AWS_CommsHandler.c:1932:17:AWS_CommsChannelOpen	96	static
AWS_CommsHandler.c:2000:17:AWS_CommsChannelDeltaStart	48	static
AWS_CommsHandler.c:2063:17:AWS_CommsChannelDeltaAddPropertyStr	8	static
AWS_CommsHandler.c:2089:17:AWS_CommsChannelDeltaAddProperty	120	static
AWS_CommsHandler.c:2221:17:AWS_CommsChannelDeltaSend	104	static
AWS_CommsHandler.c:2295:17:AWS_CommsChannelDeltaFinish	16	static
AWS_CommsHandler.c:2321:17:AWS_CommsChannelPoll	56	static
AWS_CommsHandler.c:2389:17:AWS_CommsChannelClose	24	static
AWS_CommsHandler.c:2427:17:AWS_CommsChannelDestroy	16	static
AWS_CommsHandler.c:2447:6:AWS_RegisterNewDeltaRequest	24	static
AWS_CommsHandler.c:2539:13:_AWS_PollingPass	48	static
AWS_CommsHandler.c:2597:13:_AWS_CommsChannelCallback	16	static
AWS_CommsHandler.c:2657:13:_AWS_CommsChannelDeleteCallback	16	static
AWS_CommsHandler.c:2690:13:_AWS_ProcessDeletedMessage	1136	static
AWS_CommsHandler.c:2793:13:_AWS_ProcessThingStatus	248	static
AWS_CommsHandler.c:2967:13:_AWS_MessageQueueListener	328	static
AWS_CommsHandler.c:3104:17:AWS_OnCommsHandler	8	static
