AWS_FaultBuffer.c:440:13:_PeriodicWorkerCB	0	static
AWS_FaultBuffer.c:450:13:_PeriodicWorker	32	static
AWS_FaultBuffer.c:109:17:AWS_FaultBufferInit	16	static
AWS_FaultBuffer.c:139:6:AWS_FaultBufferStop	8	static
AWS_FaultBuffer.c:206:6:AWS_FinishedWithFaultBuffer	24	static
AWS_FaultBuffer.c:222:6:AWS_SendFailedForFaultBuffer	0	static
AWS_FaultBuffer.c:245:6:AWS_ConnectionStateCB	0	static
AWS_FaultBuffer.c:260:6:AWS_SetTimerForPeriodicWorker	8	static
AWS_FaultBuffer.c:286:6:AWS_ForceBackoffDuringDiscovery	8	static
AWS_FaultBuffer.c:296:6:AWS_SendWaitingDelta	40	static
AWS_FaultBuffer.c:328:6:_CircularBufferInit	8	static
AWS_FaultBuffer.c:343:10:_FindFreeBuffer	56	static
AWS_FaultBuffer.c:164:17:AWS_FaultBuffer	24	static
AWS_FaultBuffer.c:570:6:AWS_FaultBufferEmpty	0	static
AWS_FaultBuffer.c:582:6:_AWS_SendOutOfSyncProperties	32	static
AWS_FaultBuffer.c:662:5:_getBufferCount	0	static
AWS_FaultBuffer.c:671:10:_getStartBuffer	0	static
