iot_crypto.c:71:15:prvCalloc	24	static
iot_crypto.c:94:6:aws_mbedtls_mutex_init	16	static
iot_crypto.c:113:6:aws_mbedtls_mutex_free	16	static
iot_crypto.c:128:5:aws_mbedtls_mutex_lock	24	static
iot_crypto.c:154:5:aws_mbedtls_mutex_unlock	24	static
iot_crypto.c:180:19:prvVerifySignature	352	static
iot_crypto.c:243:6:CRYPTO_Init	8	static
iot_crypto.c:252:6:CRYPTO_ConfigureHeap	8	static
iot_crypto.c:261:6:CRYPTO_ConfigureThreading	8	static
iot_crypto.c:275:12:CRYPTO_SignatureVerificationStart	32	static
iot_crypto.c:323:6:CRYPTO_SignatureVerificationUpdate	32	static
iot_crypto.c:345:12:CRYPTO_SignatureVerificationFinal	88	static
