iot_crypto.c:94:6:aws_mbedtls_mutex_init	8	static
iot_crypto.c:128:5:aws_mbedtls_mutex_lock	8	static
iot_crypto.c:154:5:aws_mbedtls_mutex_unlock	8	static
iot_crypto.c:71:15:prvCalloc	16	static
iot_crypto.c:113:6:aws_mbedtls_mutex_free	8	static
iot_crypto.c:243:6:CRYPTO_Init	8	static
iot_crypto.c:252:6:CRYPTO_ConfigureHeap	0	static
iot_crypto.c:261:6:CRYPTO_ConfigureThreading	0	static
iot_crypto.c:275:12:CRYPTO_SignatureVerificationStart	16	static
iot_crypto.c:323:6:CRYPTO_SignatureVerificationUpdate	0	static
iot_crypto.c:345:12:CRYPTO_SignatureVerificationFinal	384	static
