iot_threads_freertos.c:80:13:_threadRoutineWrapper	8	static
iot_threads_freertos.c:93:6:Iot_CreateDetachedThread	40	static
iot_threads_freertos.c:136:6:IotMutex_Create	16	static
iot_threads_freertos.c:169:6:IotMutex_Destroy	0	static
iot_threads_freertos.c:180:6:prIotMutexTimedLock	8	static
iot_threads_freertos.c:205:6:IotMutex_Lock	0	static
iot_threads_freertos.c:212:6:IotMutex_TryLock	8	static
iot_threads_freertos.c:219:6:IotMutex_Unlock	0	static
iot_threads_freertos.c:240:6:IotSemaphore_Create	8	static
iot_threads_freertos.c:257:10:IotSemaphore_GetCount	0	static
iot_threads_freertos.c:273:6:IotSemaphore_Destroy	0	static
iot_threads_freertos.c:286:6:IotSemaphore_Wait	8	static
iot_threads_freertos.c:309:6:IotSemaphore_TryWait	8	static
iot_threads_freertos.c:322:6:IotSemaphore_TimedWait	8	static
iot_threads_freertos.c:348:6:IotSemaphore_Post	0	static
