fsl_usdhc.h:824:20:USDHC_EnableInterruptStatus	8	static
fsl_usdhc.h:846:20:USDHC_EnableInterruptSignal	8	static
fsl_usdhc.h:1020:20:USDHC_SetDataBusWidth	8	static
fsl_sdio.c:95:24:SDIO_SelectCard	16	static
fsl_sdio.c:102:24:SDIO_GoIdle	16	static
fsl_sdio.c:109:17:SDIO_SwitchVoltage	16	static
fsl_sdio.c:122:17:SDIO_ExecuteTuning	16	static
fsl_sdio.c:133:17:SDIO_SendRca	64	static
fsl_sdio.c:169:10:SDIO_CardInActive	16	static
fsl_sdio.c:176:17:SDIO_SendOperationCondition	64	static
fsl_sdio.c:223:10:SDIO_IO_Write_Direct	72	static
fsl_sdio.c:254:10:SDIO_IO_Read_Direct	72	static
fsl_sdio.c:283:10:SDIO_IO_RW_Direct	72	static
fsl_sdio.c:335:10:SDIO_IO_Write_Extended	96	static
fsl_sdio.c:416:10:SDIO_IO_Read_Extended	96	static
fsl_sdio.c:500:10:SDIO_IO_Transfer	104	static
fsl_sdio.c:601:10:SDIO_GetCardCapability	32	static
fsl_sdio.c:702:10:SDIO_SetBlockSize	40	static
fsl_sdio.c:753:10:SDIO_CardReset	24	static
fsl_sdio.c:758:10:SDIO_SetDataBusWidth	32	static
fsl_sdio.c:806:17:SDIO_SetMaxDataBusWidth	24	static
fsl_sdio.c:826:10:SDIO_SwitchToHighSpeed	40	static
fsl_sdio.c:880:17:SDIO_SelectBusTiming	40	static
fsl_sdio.c:1008:10:SDIO_SetDriverStrength	32	static
fsl_sdio.c:1040:10:SDIO_EnableAsyncInterrupt	32	static
fsl_sdio.c:1083:17:SDIO_DecodeCIS	24	static
fsl_sdio.c:1164:10:SDIO_ReadCIS	312	static
fsl_sdio.c:1260:17:SDIO_ProbeBusVoltage	24	static
fsl_sdio.c:1331:10:SDIO_CardInit	16	static
fsl_sdio.c:1396:6:SDIO_CardDeinit	16	static
fsl_sdio.c:1404:10:SDIO_HostInit	16	static
fsl_sdio.c:1421:6:SDIO_HostDeinit	16	static
fsl_sdio.c:1431:6:SDIO_HostReset	16	static
fsl_sdio.c:1436:10:SDIO_WaitCardDetectStatus	24	static
fsl_sdio.c:1441:6:SDIO_IsCardPresent	16	static
fsl_sdio.c:1446:6:SDIO_PowerOnCard	16	static
fsl_sdio.c:1451:6:SDIO_PowerOffCard	16	static
fsl_sdio.c:1456:10:SDIO_Init	16	static
fsl_sdio.c:1486:6:SDIO_Deinit	16	static
fsl_sdio.c:1494:10:SDIO_EnableIOInterrupt	32	static
fsl_sdio.c:1545:10:SDIO_GetPendingInterrupt	24	static
fsl_sdio.c:1560:10:SDIO_EnableIO	40	static
fsl_sdio.c:1630:10:SDIO_SelectIO	32	static
fsl_sdio.c:1647:10:SDIO_AbortIO	32	static
fsl_sdio.c:1664:6:SDIO_SetIOIRQHandler	24	static
fsl_sdio.c:1673:10:SDIO_HandlePendingIOInterrupt	24	static
