core_cm7.h:2153:34:__NVIC_SystemReset	0	static
HAL.c:58:6:HAL_Initialise	16	static
HAL.c:71:6:HAL_Reboot	8	static
HAL.c:87:9:HAL_SetLed	40	static
HAL.c:119:9:HAL_GetLed	32	static
HAL.c:148:17:HAL_GetMACAddressString	48	static
HAL.c:177:17:HAL_GetMACAddress	120	static
HAL.c:207:6:HAL_GetMACAddressBytes	64	static
HAL.c:228:11:HAL_GetRootCA	8	static
HAL.c:247:11:HAL_GetCertificate	8	static
HAL.c:267:11:HAL_GetKey	8	static
HAL.c:287:11:HAL_GetSerialNumber	40	static
HAL.c:316:6:HAL_serialBytes	64	static
HAL.c:334:14:HAL_GetSerialNumberString	8	static
HAL.c:352:11:HAL_GetWisafeCalibration	56	static
HAL.c:391:9:HAL_SetActiveImageFlag	32	static
HAL.c:420:9:HAL_GetActiveImageFlag	32	static
