ECOM_MessageBasedApi.c:60:6:ECOM_Init	8	static
ECOM_MessageBasedApi.c:76:16:ECOM_GetMessageQueue	16	static
ECOM_MessageBasedApi.c:101:17:ECOM_RegisterOnUpdateFunction	8	static
ECOM_MessageBasedApi.c:121:17:ECOM_RegisterMessageQueue	32	static
ECOM_MessageBasedApi.c:158:17:ECOM_SendUpdateToSubscriber	184	static
ECOM_MessageBasedApi.c:234:17:ECOM_SendThingStatusToSubscriber	88	static
ECOM_MessageBasedApi.c:285:17:ECOM_SendLocalShadowStatusToSubscriber	56	static
ECOM_MessageBasedApi.c:324:6:ECOM_IsDestinationQueueFull	24	static
ECOM_MessageBasedApi.c:348:17:ECOM_SendPropertyDeletedToSubscriber	88	static
