ECOM_FunctionBasedApi.c:50:29:GetOnUpdateFunction	16	static
ECOM_FunctionBasedApi.c:68:6:ECOM_Init	8	static
ECOM_FunctionBasedApi.c:88:17:ECOM_RegisterOnUpdateFunction	32	static
ECOM_FunctionBasedApi.c:126:17:ECOM_RegisterMessageQueue	8	static
ECOM_FunctionBasedApi.c:154:17:ECOM_SendUpdateToSubscriber	48	static
ECOM_FunctionBasedApi.c:208:17:ECOM_SendThingStatusToSubscriber	16	static
ECOM_FunctionBasedApi.c:234:17:ECOM_SendLocalShadowStatusToSubscriber	24	static
ECOM_FunctionBasedApi.c:256:6:ECOM_IsDestinationQueueFull	8	static
ECOM_FunctionBasedApi.c:277:17:ECOM_SendPropertyDeletedToSubscriber	16	static
